<html>
<body>
<pre>
<h1>µVision Build Log</h1>
<h2>Tool Versions:</h2>
IDE-Version: µVision V5.13.0.0
Copyright (C) 2014 ARM Ltd and ARM Germany GmbH. All rights reserved.
License Information: Dmitry Shvedov, NASA, LIC=EXJEV-P0EXE-0NHAM-XUTC1-CCLLR-C8JXV
 
Tool Versions:
Toolchain:       MDK-ARM Standard  Version: 5.13.0.0
Toolchain Path:  C:\Keil_v5\ARM\ARMCC\Bin
C Compiler:      Armcc.exe V5.05 update 1 (build 106)
Assembler:       Armasm.exe V5.05 update 1 (build 106)
Linker/Locator:  ArmLink.exe V5.05 update 1 (build 106)
Library Manager: ArmAr.exe V5.05 update 1 (build 106)
Hex Converter:   FromElf.exe V5.05 update 1 (build 106)
CPU DLL:         SARMCM3.DLL V5.13.0.0
Dialog DLL:      DCM.DLL V1.13.1.0
Target DLL:      Segger\JL2CM3.dll V2.99.11.0
Dialog DLL:      TCM.DLL V1.14.4.0
 
<h2>Project:</h2>
C:\Work\project_Micropanorama\uPanorama_modulator\temp_Pj1\MDK-ARM\temp_Pj1.uvprojx
Project File Date:  01/24/2020

<h2>Output:</h2>
Build target 'temp_Pj1'
compiling main.c...
../Src/main.c(1158): warning:  #181-D: argument is incompatible with corresponding format string conversion
     sprintf (strng,"%u",z);
../Src/main.c(1160): warning:  #181-D: argument is incompatible with corresponding format string conversion
     sprintf (strng,"%u",a);
../Src/main.c(1167): warning:  #177-D: variable "k" was declared but never referenced
   uint16_t k;
../Src/main.c(1774): warning:  #1035-D: single-precision operand implicitly converted to double-precision
        adc_ch[ 0] = ((float)adcBuffer[0])*3.3/4096*2;
../Src/main.c(1775): warning:  #1035-D: single-precision operand implicitly converted to double-precision
        adc_ch[ 1] = ((float)adcBuffer[1])*3.3/4096*2;
../Src/main.c(1776): warning:  #1035-D: single-precision operand implicitly converted to double-precision
        adc_ch[ 2] = ((float)adcBuffer[2])*3.3*5.71428/4096;//12 Âîëüò äåëèòåëü 47ê-10ê
../Src/main.c(1777): warning:  #1035-D: single-precision operand implicitly converted to double-precision
        adc_ch[ 3] = ((float)adcBuffer[3])*3.3/4096*2;
../Src/main.c(1778): warning:  #1035-D: single-precision operand implicitly converted to double-precision
        adc_ch[ 4] = ((float)adcBuffer[4])*3.3/4096;
../Src/main.c(1779): warning:  #1035-D: single-precision operand implicitly converted to double-precision
        adc_ch[ 5] = ((float)adcBuffer[4])*3.3/4096;
../Src/main.c(1780): warning:  #1035-D: single-precision operand implicitly converted to double-precision
        adc_ch[ 6] = ((float)adcBuffer[4])*3.3/4096;
../Src/main.c(1781): warning:  #1035-D: single-precision operand implicitly converted to double-precision
        adc_ch[ 7] = ((float)adcBuffer[4])*3.3/4096;
../Src/main.c(1782): warning:  #1035-D: single-precision operand implicitly converted to double-precision
        adc_ch[ 8] = ((float)adcBuffer[4])*3.3/4096;
../Src/main.c(1783): warning:  #1035-D: single-precision operand implicitly converted to double-precision
        adc_ch[ 9] = ((float)adcBuffer[4])*3.3/4096;
../Src/main.c(1784): warning:  #1035-D: single-precision operand implicitly converted to double-precision
        adc_ch[10] = ((float)adcBuffer[4])*3.3/4096;
../Src/main.c(1785): warning:  #1035-D: single-precision operand implicitly converted to double-precision
        adc_ch[11] = ((float)adcBuffer[4])*3.3/4096;
../Src/main.c(1786): warning:  #1035-D: single-precision operand implicitly converted to double-precision
        adc_ch[12] = ((float)adcBuffer[4])*3.3/4096;
../Src/main.c(1787): warning:  #1035-D: single-precision operand implicitly converted to double-precision
        adc_ch[13] = ((float)adcBuffer[4])*3.3/4096;
../Src/main.c(1788): warning:  #1035-D: single-precision operand implicitly converted to double-precision
        adc_ch[14] = ((float)adcBuffer[4])*3.3/4096;
../Src/main.c(1789): warning:  #1035-D: single-precision operand implicitly converted to double-precision
        adc_ch[15] = ((float)adcBuffer[4])*3.3/4096;
../Src/main.c(1889): warning:  #177-D: variable "D" was declared but never referenced
        u8 D[4];
../Src/main.c(2108): warning:  #223-D: function "RECEIVE_udp" declared implicitly
   RECEIVE_udp (0, 3001,1);
../Src/main.c(851): warning:  #177-D: function "MX_TIM4_Init" was declared but never referenced
  static void MX_TIM4_Init(void)
../Src/main.c(469): warning:  #177-D: function "MX_I2C1_Init" was declared but never referenced
  static void MX_I2C1_Init(void)
../Src/main.c(688): warning:  #177-D: function "MX_USART2_UART_Init" was declared but never referenced
  static void MX_USART2_UART_Init(void)
../Src/main.c: 24 warnings, 0 errors
compiling W5200.c...
..\Src\W5200.c(1816): warning:  #177-D: variable "RSR_len" was declared but never referenced
         int16 RSR_len;
..\Src\W5200.c(1817): warning:  #177-D: variable "received_len" was declared but never referenced
      uint16 received_len;
..\Src\W5200.c(1818): warning:  #177-D: variable "lsr" was declared but never referenced
        uint32 lsr=0;
..\Src\W5200.c(2265): warning:  #940-D: missing return statement at end of non-void function "SEND_UDP_MSG"
  }
..\Src\W5200.c(2255): warning:  #550-D: variable "error" was set but never used
        u32 error=0;
..\Src\W5200.c: 5 warnings, 0 errors
linking...
Program Size: Code=30648 RO-data=680 RW-data=256 ZI-data=34592  
FromELF: creating hex file...
".\temp_Pj1\temp_Pj1.axf" - 0 Error(s), 29 Warning(s).

<h2>Software Packages used:</h2>

Package Vendor: ARM
                http://www.keil.com/pack/ARM.CMSIS.4.2.0.pack
                ARM::CMSIS:CORE:3.40.0
                CMSIS (Cortex Microcontroller Software Interface Standard)
   * Component: CORE Version: 3.40.0

<h2>Collection of Component include folders:</h2>
  C:\Work\project_Micropanorama\uPanorama_modulator\temp_Pj1\MDK-ARM\RTE
  C:\Keil_v5\ARM\PACK\ARM\CMSIS\4.2.0\CMSIS\Include
  C:\Keil_v5\ARM\PACK\Keil\STM32F4xx_DFP\2.11.0

<h2>Collection of Component Files used:</h2>

   * Component: ARM::CMSIS:CORE:3.40.0
      Source file:   CMSIS\UserCodeTemplates\ARM\ITM_Retarget.c
</pre>
</body>
</html>
