Component: ARM Compiler 5.05 update 1 (build 106) Tool: armlink [4d0efa]

==============================================================================

Section Cross References

    startup_stm32f411xe.o(RESET) refers to startup_stm32f411xe.o(STACK) for __initial_sp
    startup_stm32f411xe.o(RESET) refers to startup_stm32f411xe.o(.text) for Reset_Handler
    startup_stm32f411xe.o(RESET) refers to stm32f4xx_it.o(i.NMI_Handler) for NMI_Handler
    startup_stm32f411xe.o(RESET) refers to stm32f4xx_it.o(i.HardFault_Handler) for HardFault_Handler
    startup_stm32f411xe.o(RESET) refers to stm32f4xx_it.o(i.MemManage_Handler) for MemManage_Handler
    startup_stm32f411xe.o(RESET) refers to stm32f4xx_it.o(i.BusFault_Handler) for BusFault_Handler
    startup_stm32f411xe.o(RESET) refers to stm32f4xx_it.o(i.UsageFault_Handler) for UsageFault_Handler
    startup_stm32f411xe.o(RESET) refers to stm32f4xx_it.o(i.SVC_Handler) for SVC_Handler
    startup_stm32f411xe.o(RESET) refers to stm32f4xx_it.o(i.DebugMon_Handler) for DebugMon_Handler
    startup_stm32f411xe.o(RESET) refers to stm32f4xx_it.o(i.PendSV_Handler) for PendSV_Handler
    startup_stm32f411xe.o(RESET) refers to stm32f4xx_it.o(i.SysTick_Handler) for SysTick_Handler
    startup_stm32f411xe.o(RESET) refers to stm32f4xx_it.o(i.EXTI0_IRQHandler) for EXTI0_IRQHandler
    startup_stm32f411xe.o(RESET) refers to stm32f4xx_it.o(i.EXTI1_IRQHandler) for EXTI1_IRQHandler
    startup_stm32f411xe.o(RESET) refers to stm32f4xx_it.o(i.EXTI2_IRQHandler) for EXTI2_IRQHandler
    startup_stm32f411xe.o(RESET) refers to stm32f4xx_it.o(i.ADC_IRQHandler) for ADC_IRQHandler
    startup_stm32f411xe.o(RESET) refers to stm32f4xx_it.o(i.EXTI9_5_IRQHandler) for EXTI9_5_IRQHandler
    startup_stm32f411xe.o(RESET) refers to stm32f4xx_it.o(i.USART1_IRQHandler) for USART1_IRQHandler
    startup_stm32f411xe.o(RESET) refers to stm32f4xx_it.o(i.DMA2_Stream0_IRQHandler) for DMA2_Stream0_IRQHandler
    startup_stm32f411xe.o(RESET) refers to stm32f4xx_it.o(i.DMA2_Stream6_IRQHandler) for DMA2_Stream6_IRQHandler
    startup_stm32f411xe.o(RESET) refers to stm32f4xx_it.o(i.DMA2_Stream7_IRQHandler) for DMA2_Stream7_IRQHandler
    startup_stm32f411xe.o(RESET) refers to stm32f4xx_it.o(i.USART6_IRQHandler) for USART6_IRQHandler
    startup_stm32f411xe.o(.text) refers to system_stm32f4xx.o(i.SystemInit) for SystemInit
    startup_stm32f411xe.o(.text) refers to entry.o(.ARM.Collect$$$$00000000) for __main
    main.o(i.ADC_Temp) refers to dadd.o(.text) for __aeabi_dsub
    main.o(i.ADC_Temp) refers to ddiv.o(.text) for __aeabi_ddiv
    main.o(i.ADC_test) refers to dfltui.o(.text) for __aeabi_ui2d
    main.o(i.ADC_test) refers to ddiv.o(.text) for __aeabi_ddiv
    main.o(i.ADC_test) refers to main.o(i.Transf) for Transf
    main.o(i.ADC_test) refers to main.o(i.f_out) for f_out
    main.o(i.ADC_test) refers to main.o(i.ADC_Temp) for ADC_Temp
    main.o(i.ADC_test) refers to dmul.o(.text) for __aeabi_dmul
    main.o(i.ADC_test) refers to dfixi.o(.text) for __aeabi_d2iz
    main.o(i.ADC_test) refers to f2d.o(.text) for __aeabi_f2d
    main.o(i.ADC_test) refers to main.o(.data) for .data
    main.o(i.ADC_test) refers to main.o(.bss) for .bss
    main.o(i.ATT_upr) refers to main.o(i.nu_out) for nu_out
    main.o(i.ATT_upr) refers to main.o(i.u_out) for u_out
    main.o(i.ATT_upr) refers to main.o(i.spisend_FPGA) for spisend_FPGA
    main.o(i.Delay) refers to main.o(.data) for .data
    main.o(i.FAPCH_INIT) refers to main.o(i.init_FAPCH) for init_FAPCH
    main.o(i.FAPCH_INIT) refers to main.o(.data) for .data
    main.o(i.FPGA2_rSPI) refers to stm32f4xx_hal_gpio.o(i.HAL_GPIO_WritePin) for HAL_GPIO_WritePin
    main.o(i.FPGA2_rSPI) refers to main.o(i.spisend8) for spisend8
    main.o(i.FPGA2_wSPI) refers to stm32f4xx_hal_gpio.o(i.HAL_GPIO_WritePin) for HAL_GPIO_WritePin
    main.o(i.FPGA2_wSPI) refers to main.o(i.spisend8) for spisend8
    main.o(i.FPGA_rSPI) refers to stm32f4xx_hal_gpio.o(i.HAL_GPIO_WritePin) for HAL_GPIO_WritePin
    main.o(i.FPGA_rSPI) refers to main.o(i.spisend8) for spisend8
    main.o(i.FPGA_wSPI) refers to stm32f4xx_hal_gpio.o(i.HAL_GPIO_WritePin) for HAL_GPIO_WritePin
    main.o(i.FPGA_wSPI) refers to main.o(i.spisend8) for spisend8
    main.o(i.HAL_ADC_ConvCpltCallback) refers to main.o(.data) for .data
    main.o(i.HAL_UART_RxCpltCallback) refers to stm32f4xx_hal_uart.o(i.HAL_UART_Receive_IT) for HAL_UART_Receive_IT
    main.o(i.HAL_UART_RxCpltCallback) refers to main.o(.data) for .data
    main.o(i.HAL_UART_RxCpltCallback) refers to main.o(.bss) for .bss
    main.o(i.IO) refers to main.o(i.leng) for leng
    main.o(i.IO) refers to strcmp.o(.text) for strcmp
    main.o(i.IO) refers to main.o(.data) for .data
    main.o(i.IO) refers to main.o(.bss) for .bss
    main.o(i.IO) refers to dac.o(.bss) for dac1
    main.o(i.IO) refers to atoi.o(.text) for atoi
    main.o(i.IO) refers to main.o(i.u_out) for u_out
    main.o(i.IO) refers to main.o(i.ADC_test) for ADC_test
[...]
    i.MX_SPI3_Init                           0x0800a834   Section        0  main.o(i.MX_SPI3_Init)
    MX_SPI3_Init                             0x0800a835   Thumb Code    46  main.o(i.MX_SPI3_Init)
    i.Massiv_dbm                             0x0800a86c   Section        0  main.o(i.Massiv_dbm)
    i.MemManage_Handler                      0x0800aadc   Section        0  stm32f4xx_it.o(i.MemManage_Handler)
    i.Menu1                                  0x0800aae0   Section        0  main.o(i.Menu1)
    i.NMI_Handler                            0x0800ae64   Section        0  stm32f4xx_it.o(i.NMI_Handler)
    i.PCS0_status                            0x0800ae68   Section        0  main.o(i.PCS0_status)
    i.PCS1_status                            0x0800b20c   Section        0  main.o(i.PCS1_status)
    i.PIN_control                            0x0800b5b0   Section        0  main.o(i.PIN_control)
    i.PRINT_SERV                             0x0800b5d8   Section        0  eth.o(i.PRINT_SERV)
    i.PRINT_SERV_ID                          0x0800b634   Section        0  eth.o(i.PRINT_SERV_ID)
    i.PendSV_Handler                         0x0800b6dc   Section        0  stm32f4xx_it.o(i.PendSV_Handler)
    i.SDRAM_test_rd                          0x0800b6e0   Section        0  main.o(i.SDRAM_test_rd)
    i.SDRAM_test_wr                          0x0800b734   Section        0  main.o(i.SDRAM_test_wr)
    i.SERV_ID_WR                             0x0800b78c   Section        0  eth.o(i.SERV_ID_WR)
    i.SERV_WR                                0x0800b904   Section        0  eth.o(i.SERV_WR)
    i.SFP_read                               0x0800b924   Section        0  main.o(i.SFP_read)
    i.SPI_EndRxTxTransaction                 0x0800c504   Section        0  stm32f4xx_hal_spi.o(i.SPI_EndRxTxTransaction)
    SPI_EndRxTxTransaction                   0x0800c505   Thumb Code    80  stm32f4xx_hal_spi.o(i.SPI_EndRxTxTransaction)
    i.SPI_WaitFlagStateUntilTimeout          0x0800c55c   Section        0  stm32f4xx_hal_spi.o(i.SPI_WaitFlagStateUntilTimeout)
    SPI_WaitFlagStateUntilTimeout            0x0800c55d   Thumb Code   148  stm32f4xx_hal_spi.o(i.SPI_WaitFlagStateUntilTimeout)
    i.STATUS_ID                              0x0800c5f0   Section        0  eth.o(i.STATUS_ID)
    i.SVC_Handler                            0x0800c6c0   Section        0  stm32f4xx_it.o(i.SVC_Handler)
    i.SysTick_Handler                        0x0800c6c4   Section        0  stm32f4xx_it.o(i.SysTick_Handler)
    i.SystemClock_Config                     0x0800c714   Section        0  main.o(i.SystemClock_Config)
    i.SystemInit                             0x0800c794   Section        0  system_stm32f4xx.o(i.SystemInit)
    i.TMP_func                               0x0800c7e8   Section        0  main.o(i.TMP_func)
    i.Transf                                 0x0800c828   Section        0  main.o(i.Transf)
    i.UART_DMAAbortOnError                   0x0800c878   Section        0  stm32f4xx_hal_uart.o(i.UART_DMAAbortOnError)
    UART_DMAAbortOnError                     0x0800c879   Thumb Code    16  stm32f4xx_hal_uart.o(i.UART_DMAAbortOnError)
    i.UART_DMAError                          0x0800c888   Section        0  stm32f4xx_hal_uart.o(i.UART_DMAError)
    UART_DMAError                            0x0800c889   Thumb Code    74  stm32f4xx_hal_uart.o(i.UART_DMAError)
    i.UART_DMATransmitCplt                   0x0800c8d2   Section        0  stm32f4xx_hal_uart.o(i.UART_DMATransmitCplt)
    UART_DMATransmitCplt                     0x0800c8d3   Thumb Code    46  stm32f4xx_hal_uart.o(i.UART_DMATransmitCplt)
    i.UART_DMATxHalfCplt                     0x0800c900   Section        0  stm32f4xx_hal_uart.o(i.UART_DMATxHalfCplt)
    UART_DMATxHalfCplt                       0x0800c901   Thumb Code    10  stm32f4xx_hal_uart.o(i.UART_DMATxHalfCplt)
    i.UART_DMA_TX                            0x0800c90c   Section        0  main.o(i.UART_DMA_TX)
    i.UART_EndRxTransfer                     0x0800c948   Section        0  stm32f4xx_hal_uart.o(i.UART_EndRxTransfer)
    UART_EndRxTransfer                       0x0800c949   Thumb Code    28  stm32f4xx_hal_uart.o(i.UART_EndRxTransfer)
    i.UART_EndTxTransfer                     0x0800c964   Section        0  stm32f4xx_hal_uart.o(i.UART_EndTxTransfer)
    UART_EndTxTransfer                       0x0800c965   Thumb Code    18  stm32f4xx_hal_uart.o(i.UART_EndTxTransfer)
    i.UART_Receive_IT                        0x0800c976   Section        0  stm32f4xx_hal_uart.o(i.UART_Receive_IT)
    UART_Receive_IT                          0x0800c977   Thumb Code   150  stm32f4xx_hal_uart.o(i.UART_Receive_IT)
    i.UART_SetConfig                         0x0800ca0c   Section        0  stm32f4xx_hal_uart.o(i.UART_SetConfig)
    UART_SetConfig                           0x0800ca0d   Thumb Code   676  stm32f4xx_hal_uart.o(i.UART_SetConfig)
    i.UART_Transmit_IT                       0x0800ccb8   Section        0  stm32f4xx_hal_uart.o(i.UART_Transmit_IT)
    UART_Transmit_IT                         0x0800ccb9   Thumb Code    98  stm32f4xx_hal_uart.o(i.UART_Transmit_IT)
    i.UART_conrol                            0x0800cd1c   Section        0  main.o(i.UART_conrol)
    i.UDP_buf_read                           0x0800cd68   Section        0  main.o(i.UDP_buf_read)
    i.UDP_mem_read                           0x0800cdc8   Section        0  main.o(i.UDP_mem_read)
    i.UDP_tx_init                            0x0800d764   Section        0  main.o(i.UDP_tx_init)
    i.USART1_IRQHandler                      0x0800d880   Section        0  stm32f4xx_it.o(i.USART1_IRQHandler)
    i.USART6_IRQHandler                      0x0800d88c   Section        0  stm32f4xx_it.o(i.USART6_IRQHandler)
    i.UsageFault_Handler                     0x0800d898   Section        0  stm32f4xx_it.o(i.UsageFault_Handler)
    i.__0sprintf                             0x0800d89c   Section        0  printfa.o(i.__0sprintf)
    i.__NVIC_SetPriority                     0x0800d8c4   Section        0  stm32f4xx_hal_cortex.o(i.__NVIC_SetPriority)
    __NVIC_SetPriority                       0x0800d8c5   Thumb Code    32  stm32f4xx_hal_cortex.o(i.__NVIC_SetPriority)
    i.__aeabi_errno_addr                     0x0800d8e4   Section        0  errno.o(i.__aeabi_errno_addr)
    i.__scatterload_copy                     0x0800d8ec   Section       14  handlers.o(i.__scatterload_copy)
    i.__scatterload_null                     0x0800d8fa   Section        2  handlers.o(i.__scatterload_null)
    i.__scatterload_zeroinit                 0x0800d8fc   Section       14  handlers.o(i.__scatterload_zeroinit)
    i._fp_digits                             0x0800d90c   Section        0  printfa.o(i._fp_digits)
    _fp_digits                               0x0800d90d   Thumb Code   334  printfa.o(i._fp_digits)
    i._printf_core                           0x0800da70   Section        0  printfa.o(i._printf_core)
    _printf_core                             0x0800da71   Thumb Code  1744  printfa.o(i._printf_core)
    i._printf_post_padding                   0x0800e14c   Section        0  printfa.o(i._printf_post_padding)
    _printf_post_padding                     0x0800e14d   Thumb Code    36  printfa.o(i._printf_post_padding)
    i._printf_pre_padding                    0x0800e170   Section        0  printfa.o(i._printf_pre_padding)
    _printf_pre_padding                      0x0800e171   Thumb Code    46  printfa.o(i._printf_pre_padding)
    i._sputc                                 0x0800e19e   Section        0  printfa.o(i._sputc)
    _sputc                                   0x0800e19f   Thumb Code    10  printfa.o(i._sputc)
    i.adc1_fifo_read                         0x0800e1a8   Section        0  adc.o(i.adc1_fifo_read)
    i.adc1_read_reg                          0x0800e1e8   Section        0  adc.o(i.adc1_read_reg)
    i.adc1_test                              0x0800e42c   Section        0  adc.o(i.adc1_test)
    i.adc1_write                             0x0800e454   Section        0  adc.o(i.adc1_write)
    i.adc2_fifo_read                         0x0800e580   Section        0  adc.o(i.adc2_fifo_read)
    i.adc2_read_reg                          0x0800e5c0   Section        0  adc.o(i.adc2_read_reg)
    i.adc2_test                              0x0800e804   Section        0  adc.o(i.adc2_test)
    i.adc2_write                             0x0800e82c   Section        0  adc.o(i.adc2_write)
    i.adc_init                               0x0800e950   Section        0  main.o(i.adc_init)
    i.alarm_dac1_serdes_pll                  0x0800ea40   Section        0  dac.o(i.alarm_dac1_serdes_pll)
    i.d_out                                  0x0800ea5c   Section        0  main.o(i.d_out)
    i.dac1_info                              0x0800ea8c   Section        0  dac.o(i.dac1_info)
    i.dac1_read_reg                          0x0800ee70   Section        0  dac.o(i.dac1_read_reg)
    i.dac1_write                             0x0800eeac   Section        0  dac.o(i.dac1_write)
    i.dac2_info                              0x0800f468   Section        0  dac.o(i.dac2_info)
    i.dac2_read_reg                          0x0800f84c   Section        0  dac.o(i.dac2_read_reg)
    i.dac2_write                             0x0800f888   Section        0  dac.o(i.dac2_write)
    i.defrag_REG_ADC                         0x0800fe44   Section        0  adc.o(i.defrag_REG_ADC)
    i.defrag_REG_DAC1                        0x0800ff9c   Section        0  dac.o(i.defrag_REG_DAC1)
    i.delay_us                               0x08010ce6   Section        0  main.o(i.delay_us)
    i.f_out                                  0x08010cf4   Section        0  main.o(i.f_out)
    i.getchar1                               0x08010d38   Section        0  main.o(i.getchar1)
    i.h_out                                  0x08010d68   Section        0  main.o(i.h_out)
    i.hn_out                                 0x08010db0   Section        0  main.o(i.hn_out)
    i.i2c_read                               0x08010dec   Section        0  main.o(i.i2c_read)
    i.i2c_write                              0x08010e12   Section        0  main.o(i.i2c_write)
    i.i_out                                  0x08010e30   Section        0  main.o(i.i_out)
    i.in_out                                 0x08010e68   Section        0  main.o(i.in_out)
    i.init_lmk                               0x08010e94   Section        0  lmk.o(i.init_lmk)
    i.leng                                   0x08010f40   Section        0  main.o(i.leng)
    i.lmk_write                              0x08010f58   Section        0  lmk.o(i.lmk_write)
    i.main                                   0x08011028   Section        0  main.o(i.main)
    i.nu_out                                 0x08011304   Section        0  main.o(i.nu_out)
    i.pll_init                               0x08011328   Section        0  dac.o(i.pll_init)
    i.sfp_init                               0x080113b0   Section        0  main.o(i.sfp_init)
    i.spiread_adc1                           0x0801152c   Section        0  adc.o(i.spiread_adc1)
    i.spiread_adc2                           0x08011574   Section        0  adc.o(i.spiread_adc2)
    i.spiread_dac1                           0x080115bc   Section        0  dac.o(i.spiread_dac1)
    i.spiread_dac2                           0x0801160c   Section        0  dac.o(i.spiread_dac2)
    i.spiread_lmk                            0x0801165c   Section        0  lmk.o(i.spiread_lmk)
    i.spisend8                               0x080116a0   Section        0  main.o(i.spisend8)
    i.spisend_dac1                           0x080116c4   Section        0  dac.o(i.spisend_dac1)
    i.spisend_dac2                           0x08011700   Section        0  dac.o(i.spisend_dac2)
    i.spisend_lmk                            0x0801173c   Section        0  lmk.o(i.spisend_lmk)
    i.temp_fpga                              0x08011780   Section        0  main.o(i.temp_fpga)
    i.test2_SDRAM                            0x0801179c   Section        0  main.o(i.test2_SDRAM)
    i.test_SDRAM                             0x080118f4   Section        0  main.o(i.test_SDRAM)
    i.test_delay                             0x08011a88   Section        0  main.o(i.test_delay)
    i.test_spi_read                          0x08011abc   Section        0  main.o(i.test_spi_read)
    i.test_spi_write                         0x08011b24   Section        0  main.o(i.test_spi_write)
    i.u_out                                  0x08011b9c   Section        0  main.o(i.u_out)
    i.un_out                                 0x08011bcc   Section        0  main.o(i.un_out)
    i.write_reg_adc1                         0x08011bf0   Section        0  adc.o(i.write_reg_adc1)
    i.write_reg_adc2                         0x08011c34   Section        0  adc.o(i.write_reg_adc2)
    i.write_reg_dac1                         0x08011c78   Section        0  dac.o(i.write_reg_dac1)
    i.write_reg_dac2                         0x08011cbc   Section        0  dac.o(i.write_reg_dac2)
    i.x32_out                                0x08011d00   Section        0  main.o(i.x32_out)
    i.x_out                                  0x08011d30   Section        0  main.o(i.x_out)
    i.xn_out                                 0x08011d74   Section        0  main.o(i.xn_out)
    .constdata                               0x08011db0   Section        8  stm32f4xx_hal_dma.o(.constdata)
    flagBitshiftOffset                       0x08011db0   Data           8  stm32f4xx_hal_dma.o(.constdata)
    .constdata                               0x08011db8   Section       16  system_stm32f4xx.o(.constdata)
    .constdata                               0x08011dc8   Section        8  system_stm32f4xx.o(.constdata)
    .constdata                               0x08011dd0   Section      129  ctype_o.o(.constdata)
    .constdata                               0x08011e54   Section        4  ctype_o.o(.constdata)
    table                                    0x08011e54   Data           4  ctype_o.o(.constdata)
    .conststring                             0x08011e58   Section       69  main.o(.conststring)
    .data                                    0x20000000   Section        1  main.o(.data)
    .data                                    0x20000004   Section      128  main.o(.data)
    z                                        0x20000007   Data           1  main.o(.data)
    pn_old                                   0x20000008   Data           1  main.o(.data)
    pn_old                                   0x20000009   Data           1  main.o(.data)
    .data                                    0x20000084   Section        4  main.o(.data)
    .data                                    0x20000088   Section        4  main.o(.data)
    .data                                    0x2000008c   Section       12  stm32f4xx_hal.o(.data)
    .data                                    0x20000098   Section        4  system_stm32f4xx.o(.data)
    .data                                    0x2000009c   Section        4  errno.o(.data)
    _errno                                   0x2000009c   Data           4  errno.o(.data)
    .bss                                     0x200000a0   Section    19240  main.o(.bss)
    .bss                                     0x20004bc8   Section       96  main.o(.bss)
    .bss                                     0x20004c28   Section       96  main.o(.bss)
    .bss                                     0x20004c88   Section       96  main.o(.bss)
    .bss                                     0x20004ce8   Section     4192  main.o(.bss)
    .bss                                     0x20005d48   Section     4192  main.o(.bss)
    .bss                                     0x20006da8   Section     1064  main.o(.bss)
    .bss                                     0x200071d0   Section     1192  main.o(.bss)
    .bss                                     0x20007678   Section       24  main.o(.bss)
    .bss                                     0x20007690   Section      164  adc.o(.bss)
    .bss                                     0x20007738   Section     1488  dac.o(.bss)
    .bss                                     0x20007d08   Section      624  lmk.o(.bss)
    .bss                                     0x20007f78   Section     2048  eth.o(.bss)
    STACK                                    0x20008778   Section     1024  startup_stm32f411xe.o(STACK)

    Global Symbols

    Symbol Name                              Value     Ov Type        Size  Object(Section)

    BuildAttributes$$THM_ISAv4$E$P$D$K$B$S$7EM$VFPi3$EXTD16$VFPS$VFMA$PE$A:L22UL41UL21$X:L11$S22US41US21$IEEE1$IW$USESV6$~STKCKD$USESV7$~SHL$OTIME$ROPI$EBA8$MICROLIB$REQ8$PRES8$EABIv2 0x00000000   Number         0  anon$$obj.o ABSOLUTE
    __ARM_use_no_argv                        0x00000000   Number         0  main.o ABSOLUTE
    _printf_a                                0x00000000   Number         0  stubs.o ABSOLUTE
    _printf_c                                0x00000000   Number         0  stubs.o ABSOLUTE
    _printf_charcount                        0x00000000   Number         0  stubs.o ABSOLUTE
    _printf_d                                0x00000000   Number         0  stubs.o ABSOLUTE
    _printf_e                                0x00000000   Number         0  stubs.o ABSOLUTE
    _printf_f                                0x00000000   Number         0  stubs.o ABSOLUTE
    _printf_flags                            0x00000000   Number         0  stubs.o ABSOLUTE
    _printf_fp_dec                           0x00000000   Number         0  stubs.o ABSOLUTE
    _printf_fp_hex                           0x00000000   Number         0  stubs.o ABSOLUTE
    _printf_g                                0x00000000   Number         0  stubs.o ABSOLUTE
    _printf_i                                0x00000000   Number         0  stubs.o ABSOLUTE
    _printf_int_dec                          0x00000000   Number         0  stubs.o ABSOLUTE
    _printf_l                                0x00000000   Number         0  stubs.o ABSOLUTE
    _printf_lc                               0x00000000   Number         0  stubs.o ABSOLUTE
    _printf_ll                               0x00000000   Number         0  stubs.o ABSOLUTE
    _printf_lld                              0x00000000   Number         0  stubs.o ABSOLUTE
    _printf_lli                              0x00000000   Number         0  stubs.o ABSOLUTE
    _printf_llo                              0x00000000   Number         0  stubs.o ABSOLUTE
    _printf_llu                              0x00000000   Number         0  stubs.o ABSOLUTE
    _printf_llx                              0x00000000   Number         0  stubs.o ABSOLUTE
    _printf_longlong_dec                     0x00000000   Number         0  stubs.o ABSOLUTE
    _printf_longlong_hex                     0x00000000   Number         0  stubs.o ABSOLUTE
    _printf_longlong_oct                     0x00000000   Number         0  stubs.o ABSOLUTE
    _printf_ls                               0x00000000   Number         0  stubs.o ABSOLUTE
    _printf_mbtowc                           0x00000000   Number         0  stubs.o ABSOLUTE
    _printf_n                                0x00000000   Number         0  stubs.o ABSOLUTE
    _printf_o                                0x00000000   Number         0  stubs.o ABSOLUTE
    _printf_p                                0x00000000   Number         0  stubs.o ABSOLUTE
    _printf_percent                          0x00000000   Number         0  stubs.o ABSOLUTE
    _printf_pre_padding                      0x00000000   Number         0  stubs.o ABSOLUTE
    _printf_return_value                     0x00000000   Number         0  stubs.o ABSOLUTE
    _printf_s                                0x00000000   Number         0  stubs.o ABSOLUTE
    _printf_sizespec                         0x00000000   Number         0  stubs.o ABSOLUTE
    _printf_str                              0x00000000   Number         0  stubs.o ABSOLUTE
    _printf_truncate_signed                  0x00000000   Number         0  stubs.o ABSOLUTE
    _printf_truncate_unsigned                0x00000000   Number         0  stubs.o ABSOLUTE
    _printf_u                                0x00000000   Number         0  stubs.o ABSOLUTE
    _printf_wc                               0x00000000   Number         0  stubs.o ABSOLUTE
    _printf_wctomb                           0x00000000   Number         0  stubs.o ABSOLUTE
    _printf_widthprec                        0x00000000   Number         0  stubs.o ABSOLUTE
    _printf_x                                0x00000000   Number         0  stubs.o ABSOLUTE
    __cpp_initialize__aeabi_                  - Undefined Weak Reference
    __cxa_finalize                            - Undefined Weak Reference
    __decompress                              - Undefined Weak Reference
    _clock_init                               - Undefined Weak Reference
    _microlib_exit                            - Undefined Weak Reference
    __Vectors_Size                           0x00000198   Number         0  startup_stm32f411xe.o ABSOLUTE
    __Vectors                                0x08000000   Data           4  startup_stm32f411xe.o(RESET)
    __Vectors_End                            0x08000198   Data           0  startup_stm32f411xe.o(RESET)
    __main                                   0x08000199   Thumb Code     0  entry.o(.ARM.Collect$$$$00000000)
    _main_stk                                0x08000199   Thumb Code     0  entry2.o(.ARM.Collect$$$$00000001)
    _main_scatterload                        0x0800019d   Thumb Code     0  entry5.o(.ARM.Collect$$$$00000004)
    __main_after_scatterload                 0x080001a1   Thumb Code     0  entry5.o(.ARM.Collect$$$$00000004)
    _main_clock                              0x080001a1   Thumb Code     0  entry7b.o(.ARM.Collect$$$$00000008)
    _main_cpp_init                           0x080001a1   Thumb Code     0  entry8b.o(.ARM.Collect$$$$0000000A)
    _main_init                               0x080001a1   Thumb Code     0  entry9a.o(.ARM.Collect$$$$0000000B)
    __rt_final_cpp                           0x080001a9   Thumb Code     0  entry10a.o(.ARM.Collect$$$$0000000D)
    __rt_final_exit                          0x080001a9   Thumb Code     0  entry11a.o(.ARM.Collect$$$$0000000F)
    Reset_Handler                            0x080001ad   Thumb Code     8  startup_stm32f411xe.o(.text)
    DMA1_Stream0_IRQHandler                  0x080001c7   Thumb Code     0  startup_stm32f411xe.o(.text)
    DMA1_Stream1_IRQHandler                  0x080001c7   Thumb Code     0  startup_stm32f411xe.o(.text)
    DMA1_Stream2_IRQHandler                  0x080001c7   Thumb Code     0  startup_stm32f411xe.o(.text)
    DMA1_Stream3_IRQHandler                  0x080001c7   Thumb Code     0  startup_stm32f411xe.o(.text)
    DMA1_Stream4_IRQHandler                  0x080001c7   Thumb Code     0  startup_stm32f411xe.o(.text)
    DMA1_Stream5_IRQHandler                  0x080001c7   Thumb Code     0  startup_stm32f411xe.o(.text)
    DMA1_Stream6_IRQHandler                  0x080001c7   Thumb Code     0  startup_stm32f411xe.o(.text)
    DMA1_Stream7_IRQHandler                  0x080001c7   Thumb Code     0  startup_stm32f411xe.o(.text)
    DMA2_Stream1_IRQHandler                  0x080001c7   Thumb Code     0  startup_stm32f411xe.o(.text)
    DMA2_Stream2_IRQHandler                  0x080001c7   Thumb Code     0  startup_stm32f411xe.o(.text)
    DMA2_Stream3_IRQHandler                  0x080001c7   Thumb Code     0  startup_stm32f411xe.o(.text)
    DMA2_Stream4_IRQHandler                  0x080001c7   Thumb Code     0  startup_stm32f411xe.o(.text)
    DMA2_Stream5_IRQHandler                  0x080001c7   Thumb Code     0  startup_stm32f411xe.o(.text)
    EXTI15_10_IRQHandler                     0x080001c7   Thumb Code     0  startup_stm32f411xe.o(.text)
    EXTI3_IRQHandler                         0x080001c7   Thumb Code     0  startup_stm32f411xe.o(.text)
    EXTI4_IRQHandler                         0x080001c7   Thumb Code     0  startup_stm32f411xe.o(.text)
    FLASH_IRQHandler                         0x080001c7   Thumb Code     0  startup_stm32f411xe.o(.text)
    FPU_IRQHandler                           0x080001c7   Thumb Code     0  startup_stm32f411xe.o(.text)
    I2C1_ER_IRQHandler                       0x080001c7   Thumb Code     0  startup_stm32f411xe.o(.text)
    I2C1_EV_IRQHandler                       0x080001c7   Thumb Code     0  startup_stm32f411xe.o(.text)
    I2C2_ER_IRQHandler                       0x080001c7   Thumb Code     0  startup_stm32f411xe.o(.text)
    I2C2_EV_IRQHandler                       0x080001c7   Thumb Code     0  startup_stm32f411xe.o(.text)
    I2C3_ER_IRQHandler                       0x080001c7   Thumb Code     0  startup_stm32f411xe.o(.text)
    I2C3_EV_IRQHandler                       0x080001c7   Thumb Code     0  startup_stm32f411xe.o(.text)
    OTG_FS_IRQHandler                        0x080001c7   Thumb Code     0  startup_stm32f411xe.o(.text)
    OTG_FS_WKUP_IRQHandler                   0x080001c7   Thumb Code     0  startup_stm32f411xe.o(.text)
    PVD_IRQHandler                           0x080001c7   Thumb Code     0  startup_stm32f411xe.o(.text)
    RCC_IRQHandler                           0x080001c7   Thumb Code     0  startup_stm32f411xe.o(.text)
    RTC_Alarm_IRQHandler                     0x080001c7   Thumb Code     0  startup_stm32f411xe.o(.text)
    RTC_WKUP_IRQHandler                      0x080001c7   Thumb Code     0  startup_stm32f411xe.o(.text)
    SDIO_IRQHandler                          0x080001c7   Thumb Code     0  startup_stm32f411xe.o(.text)
    SPI1_IRQHandler                          0x080001c7   Thumb Code     0  startup_stm32f411xe.o(.text)
    SPI2_IRQHandler                          0x080001c7   Thumb Code     0  startup_stm32f411xe.o(.text)
    SPI3_IRQHandler                          0x080001c7   Thumb Code     0  startup_stm32f411xe.o(.text)
    SPI4_IRQHandler                          0x080001c7   Thumb Code     0  startup_stm32f411xe.o(.text)
    SPI5_IRQHandler                          0x080001c7   Thumb Code     0  startup_stm32f411xe.o(.text)
    TAMP_STAMP_IRQHandler                    0x080001c7   Thumb Code     0  startup_stm32f411xe.o(.text)
    TIM1_BRK_TIM9_IRQHandler                 0x080001c7   Thumb Code     0  startup_stm32f411xe.o(.text)
    TIM1_CC_IRQHandler                       0x080001c7   Thumb Code     0  startup_stm32f411xe.o(.text)
    TIM1_TRG_COM_TIM11_IRQHandler            0x080001c7   Thumb Code     0  startup_stm32f411xe.o(.text)
    TIM1_UP_TIM10_IRQHandler                 0x080001c7   Thumb Code     0  startup_stm32f411xe.o(.text)
    TIM2_IRQHandler                          0x080001c7   Thumb Code     0  startup_stm32f411xe.o(.text)
    TIM3_IRQHandler                          0x080001c7   Thumb Code     0  startup_stm32f411xe.o(.text)
    TIM4_IRQHandler                          0x080001c7   Thumb Code     0  startup_stm32f411xe.o(.text)
    TIM5_IRQHandler                          0x080001c7   Thumb Code     0  startup_stm32f411xe.o(.text)
    USART2_IRQHandler                        0x080001c7   Thumb Code     0  startup_stm32f411xe.o(.text)
    WWDG_IRQHandler                          0x080001c7   Thumb Code     0  startup_stm32f411xe.o(.text)
    __aeabi_uldivmod                         0x080001d1   Thumb Code    98  uldiv.o(.text)
    __aeabi_ldivmod                          0x08000233   Thumb Code    98  ldiv.o(.text)
    __aeabi_llsr                             0x08000295   Thumb Code    32  llushr.o(.text)
    _ll_ushift_r                             0x08000295   Thumb Code     0  llushr.o(.text)
    __aeabi_memset                           0x080002b5   Thumb Code    14  memseta.o(.text)
    __aeabi_memset4                          0x080002b5   Thumb Code     0  memseta.o(.text)
    __aeabi_memset8                          0x080002b5   Thumb Code     0  memseta.o(.text)
    __aeabi_memclr                           0x080002c3   Thumb Code     4  memseta.o(.text)
    __aeabi_memclr4                          0x080002c3   Thumb Code     0  memseta.o(.text)
    __aeabi_memclr8                          0x080002c3   Thumb Code     0  memseta.o(.text)
    _memset$wrapper                          0x080002c7   Thumb Code    18  memseta.o(.text)
    strcat                                   0x080002d9   Thumb Code    24  strcat.o(.text)
    strlen                                   0x080002f1   Thumb Code    14  strlen.o(.text)
    strcmp                                   0x080002ff   Thumb Code    28  strcmp.o(.text)
    strcpy                                   0x0800031b   Thumb Code    18  strcpy.o(.text)
    strtol                                   0x0800032d   Thumb Code   112  strtol.o(.text)
    atoi                                     0x0800039d   Thumb Code    26  atoi.o(.text)
    __aeabi_dadd                             0x080003b7   Thumb Code   322  dadd.o(.text)
    __aeabi_dsub                             0x080004f9   Thumb Code     6  dadd.o(.text)
    __aeabi_drsub                            0x080004ff   Thumb Code     6  dadd.o(.text)
    __aeabi_dmul                             0x08000505   Thumb Code   228  dmul.o(.text)
    __aeabi_ddiv                             0x080005e9   Thumb Code   222  ddiv.o(.text)
    __aeabi_i2d                              0x080006c7   Thumb Code    34  dflti.o(.text)
    __aeabi_ui2d                             0x080006e9   Thumb Code    26  dfltui.o(.text)
    __aeabi_d2iz                             0x08000703   Thumb Code    62  dfixi.o(.text)
    __aeabi_f2d                              0x08000741   Thumb Code    38  f2d.o(.text)
    __aeabi_d2f                              0x08000767   Thumb Code    56  d2f.o(.text)
    __aeabi_uidiv                            0x0800079f   Thumb Code     0  uidiv.o(.text)
    __aeabi_uidivmod                         0x0800079f   Thumb Code    44  uidiv.o(.text)
    __aeabi_llsl                             0x080007cb   Thumb Code    30  llshl.o(.text)
    _ll_shift_l                              0x080007cb   Thumb Code     0  llshl.o(.text)
    __aeabi_lasr                             0x080007e9   Thumb Code    36  llsshr.o(.text)
    _ll_sshift_r                             0x080007e9   Thumb Code     0  llsshr.o(.text)
    __rt_ctype_table                         0x0800080d   Thumb Code     4  ctype_o.o(.text)
    _strtoul                                 0x08000815   Thumb Code   158  _strtoul.o(.text)
    __I$use$fp                               0x080008b3   Thumb Code     0  iusefp.o(.text)
    _float_round                             0x080008b3   Thumb Code    18  fepilogue.o(.text)
    _float_epilogue                          0x080008c5   Thumb Code    92  fepilogue.o(.text)
    _double_round                            0x08000921   Thumb Code    30  depilogue.o(.text)
    _double_epilogue                         0x0800093f   Thumb Code   156  depilogue.o(.text)
    __aeabi_d2ulz                            0x080009db   Thumb Code    48  dfixul.o(.text)
    __aeabi_cdrcmple                         0x08000a0d   Thumb Code    48  cdrcmple.o(.text)
    __scatterload                            0x08000a3d   Thumb Code    28  init.o(.text)
    __scatterload_rt2                        0x08000a3d   Thumb Code     0  init.o(.text)
    _chval                                   0x08000a61   Thumb Code    28  _chval.o(.text)
    ADC_IRQHandler                           0x08000b0d   Thumb Code     6  stm32f4xx_it.o(i.ADC_IRQHandler)
    ADC_Temp                                 0x08000c41   Thumb Code    48  main.o(i.ADC_Temp)
    ADC_test                                 0x08000c89   Thumb Code   684  main.o(i.ADC_test)
    ADR_FINDER                               0x0800103d   Thumb Code    80  eth.o(i.ADR_FINDER)
    BusFault_Handler                         0x080010e5   Thumb Code     2  stm32f4xx_it.o(i.BusFault_Handler)
    DAC1_QMC_gain                            0x080010e9   Thumb Code    54  dac.o(i.DAC1_QMC_gain)
    DAC1_coarse_dac                          0x08001125   Thumb Code    44  dac.o(i.DAC1_coarse_dac)
    DAC1_dsp_init                            0x08001155   Thumb Code   396  dac.o(i.DAC1_dsp_init)
    DAC1_mixer_gain                          0x080012e5   Thumb Code    44  dac.o(i.DAC1_mixer_gain)
    DAC2_coarse_dac                          0x08001315   Thumb Code    44  dac.o(i.DAC2_coarse_dac)
    DAC2_dsp_init                            0x08001345   Thumb Code   396  dac.o(i.DAC2_dsp_init)
    DAC2_mixer_gain                          0x080014d5   Thumb Code    44  dac.o(i.DAC2_mixer_gain)
    DMA2_Stream0_IRQHandler                  0x08001505   Thumb Code     6  stm32f4xx_it.o(i.DMA2_Stream0_IRQHandler)
    DMA2_Stream6_IRQHandler                  0x08001511   Thumb Code     6  stm32f4xx_it.o(i.DMA2_Stream6_IRQHandler)
    DMA2_Stream7_IRQHandler                  0x0800151d   Thumb Code    16  stm32f4xx_it.o(i.DMA2_Stream7_IRQHandler)
    DebugMon_Handler                         0x080015dd   Thumb Code     2  stm32f4xx_it.o(i.DebugMon_Handler)
    Delay                                    0x080015e1   Thumb Code    12  main.o(i.Delay)
    ERROR_CMD_MSG                            0x080015f1   Thumb Code    94  eth.o(i.ERROR_CMD_MSG)
    ETH0_IP_write                            0x08001681   Thumb Code    44  eth.o(i.ETH0_IP_write)
    ETH0_MAC_write                           0x080016d5   Thumb Code    30  eth.o(i.ETH0_MAC_write)
    ETH0_PORT_write                          0x08001709   Thumb Code    40  eth.o(i.ETH0_PORT_write)
    ETH1_IP_write                            0x08001759   Thumb Code    44  eth.o(i.ETH1_IP_write)
    ETH1_MAC_write                           0x080017ad   Thumb Code    30  eth.o(i.ETH1_MAC_write)
    ETH1_PORT_write                          0x080017e1   Thumb Code    40  eth.o(i.ETH1_PORT_write)
    EXTI0_IRQHandler                         0x08001831   Thumb Code    16  stm32f4xx_it.o(i.EXTI0_IRQHandler)
    EXTI1_IRQHandler                         0x08001845   Thumb Code    16  stm32f4xx_it.o(i.EXTI1_IRQHandler)
    EXTI2_IRQHandler                         0x08001859   Thumb Code    16  stm32f4xx_it.o(i.EXTI2_IRQHandler)
    EXTI9_5_IRQHandler                       0x0800186d   Thumb Code    16  stm32f4xx_it.o(i.EXTI9_5_IRQHandler)
    Error_Handler                            0x08001881   Thumb Code     2  main.o(i.Error_Handler)
    FPGA2_rSPI                               0x08001885   Thumb Code   532  main.o(i.FPGA2_rSPI)
    FPGA2_wSPI                               0x08001a9d   Thumb Code   312  main.o(i.FPGA2_wSPI)
    FPGA_rSPI                                0x08001bd9   Thumb Code   532  main.o(i.FPGA_rSPI)
    FPGA_wSPI                                0x08001df1   Thumb Code   312  main.o(i.FPGA_wSPI)
    FRAME_DECODE                             0x08001f2d   Thumb Code   792  eth.o(i.FRAME_DECODE)
    HAL_ADCEx_InjectedConvCpltCallback       0x08002319   Thumb Code     2  stm32f4xx_hal_adc_ex.o(i.HAL_ADCEx_InjectedConvCpltCallback)
    HAL_ADC_ConfigChannel                    0x0800231d   Thumb Code   334  stm32f4xx_hal_adc.o(i.HAL_ADC_ConfigChannel)
    HAL_ADC_ConvCpltCallback                 0x08002481   Thumb Code    10  main.o(i.HAL_ADC_ConvCpltCallback)
    HAL_ADC_ConvHalfCpltCallback             0x08002491   Thumb Code     2  stm32f4xx_hal_adc.o(i.HAL_ADC_ConvHalfCpltCallback)
    HAL_ADC_ErrorCallback                    0x08002493   Thumb Code     2  stm32f4xx_hal_adc.o(i.HAL_ADC_ErrorCallback)
    HAL_ADC_IRQHandler                       0x08002495   Thumb Code   316  stm32f4xx_hal_adc.o(i.HAL_ADC_IRQHandler)
    HAL_ADC_Init                             0x080025d1   Thumb Code    84  stm32f4xx_hal_adc.o(i.HAL_ADC_Init)
    HAL_ADC_LevelOutOfWindowCallback         0x08002625   Thumb Code     2  stm32f4xx_hal_adc.o(i.HAL_ADC_LevelOutOfWindowCallback)
    HAL_ADC_MspInit                          0x08002629   Thumb Code   192  stm32f4xx_hal_msp.o(i.HAL_ADC_MspInit)
    HAL_ADC_Start_DMA                        0x08002701   Thumb Code   228  stm32f4xx_hal_adc.o(i.HAL_ADC_Start_DMA)
    HAL_DMA_Abort_IT                         0x08002801   Thumb Code    36  stm32f4xx_hal_dma.o(i.HAL_DMA_Abort_IT)
    HAL_DMA_IRQHandler                       0x08002825   Thumb Code   412  stm32f4xx_hal_dma.o(i.HAL_DMA_IRQHandler)
    HAL_DMA_Init                             0x080029c5   Thumb Code   206  stm32f4xx_hal_dma.o(i.HAL_DMA_Init)
    HAL_DMA_Start_IT                         0x08002a99   Thumb Code   120  stm32f4xx_hal_dma.o(i.HAL_DMA_Start_IT)
    HAL_GPIO_EXTI_Callback                   0x08002b11   Thumb Code     2  stm32f4xx_hal_gpio.o(i.HAL_GPIO_EXTI_Callback)
    HAL_GPIO_EXTI_IRQHandler                 0x08002b15   Thumb Code    18  stm32f4xx_hal_gpio.o(i.HAL_GPIO_EXTI_IRQHandler)
    HAL_GPIO_Init                            0x08002b2d   Thumb Code   358  stm32f4xx_hal_gpio.o(i.HAL_GPIO_Init)
    HAL_GPIO_ReadPin                         0x08002cb5   Thumb Code    10  stm32f4xx_hal_gpio.o(i.HAL_GPIO_ReadPin)
    HAL_GPIO_WritePin                        0x08002cbf   Thumb Code    10  stm32f4xx_hal_gpio.o(i.HAL_GPIO_WritePin)
    HAL_GetTick                              0x08002cc9   Thumb Code     6  stm32f4xx_hal.o(i.HAL_GetTick)
    HAL_I2C_Init                             0x08002cd5   Thumb Code   356  stm32f4xx_hal_i2c.o(i.HAL_I2C_Init)
    HAL_I2C_MspInit                          0x08002e49   Thumb Code    94  stm32f4xx_hal_msp.o(i.HAL_I2C_MspInit)
    HAL_IncTick                              0x08002eb5   Thumb Code    12  stm32f4xx_hal.o(i.HAL_IncTick)
    HAL_Init                                 0x08002ec5   Thumb Code    48  stm32f4xx_hal.o(i.HAL_Init)
    HAL_InitTick                             0x08002ef9   Thumb Code    54  stm32f4xx_hal.o(i.HAL_InitTick)
    HAL_MspInit                              0x08002f39   Thumb Code    42  stm32f4xx_hal_msp.o(i.HAL_MspInit)
    HAL_NVIC_EnableIRQ                       0x08002f69   Thumb Code    26  stm32f4xx_hal_cortex.o(i.HAL_NVIC_EnableIRQ)
    HAL_NVIC_SetPriority                     0x08002f85   Thumb Code    60  stm32f4xx_hal_cortex.o(i.HAL_NVIC_SetPriority)
    HAL_NVIC_SetPriorityGrouping             0x08002fc5   Thumb Code    26  stm32f4xx_hal_cortex.o(i.HAL_NVIC_SetPriorityGrouping)
    HAL_RCC_ClockConfig                      0x08002fe9   Thumb Code   286  stm32f4xx_hal_rcc.o(i.HAL_RCC_ClockConfig)
    HAL_RCC_GetPCLK1Freq                     0x08003119   Thumb Code    20  stm32f4xx_hal_rcc.o(i.HAL_RCC_GetPCLK1Freq)
    HAL_RCC_GetPCLK2Freq                     0x08003139   Thumb Code    20  stm32f4xx_hal_rcc.o(i.HAL_RCC_GetPCLK2Freq)
    HAL_RCC_GetSysClockFreq                  0x08003159   Thumb Code    88  stm32f4xx_hal_rcc.o(i.HAL_RCC_GetSysClockFreq)
    HAL_RCC_OscConfig                        0x080031b9   Thumb Code   770  stm32f4xx_hal_rcc.o(i.HAL_RCC_OscConfig)
    HAL_SPI_Init                             0x080034d5   Thumb Code   128  stm32f4xx_hal_spi.o(i.HAL_SPI_Init)
    HAL_SPI_MspInit                          0x08003555   Thumb Code   150  stm32f4xx_hal_msp.o(i.HAL_SPI_MspInit)
    HAL_SPI_TransmitReceive                  0x08003601   Thumb Code   482  stm32f4xx_hal_spi.o(i.HAL_SPI_TransmitReceive)
    HAL_SYSTICK_Config                       0x080037e3   Thumb Code    40  stm32f4xx_hal_cortex.o(i.HAL_SYSTICK_Config)
    HAL_UART_ErrorCallback                   0x0800380b   Thumb Code     2  stm32f4xx_hal_uart.o(i.HAL_UART_ErrorCallback)
    HAL_UART_GetState                        0x0800380d   Thumb Code    10  stm32f4xx_hal_uart.o(i.HAL_UART_GetState)
    HAL_UART_IRQHandler                      0x08003819   Thumb Code   266  stm32f4xx_hal_uart.o(i.HAL_UART_IRQHandler)
    HAL_UART_Init                            0x08003929   Thumb Code    98  stm32f4xx_hal_uart.o(i.HAL_UART_Init)
    HAL_UART_MspInit                         0x0800398d   Thumb Code   288  stm32f4xx_hal_msp.o(i.HAL_UART_MspInit)
    HAL_UART_Receive_IT                      0x08003acd   Thumb Code    82  stm32f4xx_hal_uart.o(i.HAL_UART_Receive_IT)
    HAL_UART_RxCpltCallback                  0x08003b21   Thumb Code    54  main.o(i.HAL_UART_RxCpltCallback)
    HAL_UART_Transmit_DMA                    0x08003b65   Thumb Code   114  stm32f4xx_hal_uart.o(i.HAL_UART_Transmit_DMA)
    HAL_UART_TxCpltCallback                  0x08003be5   Thumb Code     2  stm32f4xx_hal_uart.o(i.HAL_UART_TxCpltCallback)
    HAL_UART_TxHalfCpltCallback              0x08003be7   Thumb Code     2  stm32f4xx_hal_uart.o(i.HAL_UART_TxHalfCpltCallback)
    HardFault_Handler                        0x08003be9   Thumb Code     2  stm32f4xx_it.o(i.HardFault_Handler)
    INIT_REG_ADC                             0x08003beb   Thumb Code   128  adc.o(i.INIT_REG_ADC)
    INIT_REG_DAC1                            0x08003c6d   Thumb Code  1536  dac.o(i.INIT_REG_DAC1)
    INIT_REG_LMK                             0x08004275   Thumb Code  5272  lmk.o(i.INIT_REG_LMK)
    IO                                       0x0800575d   Thumb Code 13724  main.o(i.IO)
    LED                                      0x08008d25   Thumb Code   178  main.o(i.LED)
    MAC0_adr_write                           0x08008de1   Thumb Code   100  main.o(i.MAC0_adr_write)
    MAC0_init                                0x08008e45   Thumb Code  1680  main.o(i.MAC0_init)
    MAC0_statistic                           0x080096dd   Thumb Code   152  main.o(i.MAC0_statistic)
    MAC1_adr_write                           0x080099a5   Thumb Code   100  main.o(i.MAC1_adr_write)
    MAC1_init                                0x08009a09   Thumb Code  1680  main.o(i.MAC1_init)
    MAC1_statistic                           0x0800a2a1   Thumb Code   152  main.o(i.MAC1_statistic)
    Massiv_dbm                               0x0800a86d   Thumb Code   522  main.o(i.Massiv_dbm)
    MemManage_Handler                        0x0800aadd   Thumb Code     2  stm32f4xx_it.o(i.MemManage_Handler)
    Menu1                                    0x0800aae1   Thumb Code   226  main.o(i.Menu1)
    NMI_Handler                              0x0800ae65   Thumb Code     2  stm32f4xx_it.o(i.NMI_Handler)
    PCS0_status                              0x0800ae69   Thumb Code   256  main.o(i.PCS0_status)
    PCS1_status                              0x0800b20d   Thumb Code   256  main.o(i.PCS1_status)
    PIN_control                              0x0800b5b1   Thumb Code    30  main.o(i.PIN_control)
    PRINT_SERV                               0x0800b5d9   Thumb Code    74  eth.o(i.PRINT_SERV)
    PRINT_SERV_ID                            0x0800b635   Thumb Code    90  eth.o(i.PRINT_SERV_ID)
    PendSV_Handler                           0x0800b6dd   Thumb Code     2  stm32f4xx_it.o(i.PendSV_Handler)
    SDRAM_test_rd                            0x0800b6e1   Thumb Code    80  main.o(i.SDRAM_test_rd)
    SDRAM_test_wr                            0x0800b735   Thumb Code    82  main.o(i.SDRAM_test_wr)
    SERV_ID_WR                               0x0800b78d   Thumb Code   296  eth.o(i.SERV_ID_WR)
    SERV_WR                                  0x0800b905   Thumb Code    30  eth.o(i.SERV_WR)
    SFP_read                                 0x0800b925   Thumb Code  2122  main.o(i.SFP_read)
    STATUS_ID                                0x0800c5f1   Thumb Code   136  eth.o(i.STATUS_ID)
    SVC_Handler                              0x0800c6c1   Thumb Code     2  stm32f4xx_it.o(i.SVC_Handler)
    SysTick_Handler                          0x0800c6c5   Thumb Code    56  stm32f4xx_it.o(i.SysTick_Handler)
    SystemClock_Config                       0x0800c715   Thumb Code   118  main.o(i.SystemClock_Config)
    SystemInit                               0x0800c795   Thumb Code    66  system_stm32f4xx.o(i.SystemInit)
    TMP_func                                 0x0800c7e9   Thumb Code    58  main.o(i.TMP_func)
    Transf                                   0x0800c829   Thumb Code    70  main.o(i.Transf)
    UART_DMA_TX                              0x0800c90d   Thumb Code    52  main.o(i.UART_DMA_TX)
    UART_conrol                              0x0800cd1d   Thumb Code    66  main.o(i.UART_conrol)
    UDP_buf_read                             0x0800cd69   Thumb Code    80  main.o(i.UDP_buf_read)
    UDP_mem_read                             0x0800cdc9   Thumb Code  1926  main.o(i.UDP_mem_read)
    UDP_tx_init                              0x0800d765   Thumb Code   234  main.o(i.UDP_tx_init)
    USART1_IRQHandler                        0x0800d881   Thumb Code     6  stm32f4xx_it.o(i.USART1_IRQHandler)
    USART6_IRQHandler                        0x0800d88d   Thumb Code     6  stm32f4xx_it.o(i.USART6_IRQHandler)
    UsageFault_Handler                       0x0800d899   Thumb Code     2  stm32f4xx_it.o(i.UsageFault_Handler)
    __0sprintf                               0x0800d89d   Thumb Code    34  printfa.o(i.__0sprintf)
    __1sprintf                               0x0800d89d   Thumb Code     0  printfa.o(i.__0sprintf)
    __2sprintf                               0x0800d89d   Thumb Code     0  printfa.o(i.__0sprintf)
    __c89sprintf                             0x0800d89d   Thumb Code     0  printfa.o(i.__0sprintf)
    sprintf                                  0x0800d89d   Thumb Code     0  printfa.o(i.__0sprintf)
    __aeabi_errno_addr                       0x0800d8e5   Thumb Code     4  errno.o(i.__aeabi_errno_addr)
    __rt_errno_addr                          0x0800d8e5   Thumb Code     0  errno.o(i.__aeabi_errno_addr)
    __scatterload_copy                       0x0800d8ed   Thumb Code    14  handlers.o(i.__scatterload_copy)
    __scatterload_null                       0x0800d8fb   Thumb Code     2  handlers.o(i.__scatterload_null)
    __scatterload_zeroinit                   0x0800d8fd   Thumb Code    14  handlers.o(i.__scatterload_zeroinit)
    adc1_fifo_read                           0x0800e1a9   Thumb Code    60  adc.o(i.adc1_fifo_read)
    adc1_read_reg                            0x0800e1e9   Thumb Code   314  adc.o(i.adc1_read_reg)
    adc1_test                                0x0800e42d   Thumb Code    36  adc.o(i.adc1_test)
    adc1_write                               0x0800e455   Thumb Code   264  adc.o(i.adc1_write)
    adc2_fifo_read                           0x0800e581   Thumb Code    60  adc.o(i.adc2_fifo_read)
    adc2_read_reg                            0x0800e5c1   Thumb Code   314  adc.o(i.adc2_read_reg)
    adc2_test                                0x0800e805   Thumb Code    36  adc.o(i.adc2_test)
    adc2_write                               0x0800e82d   Thumb Code   256  adc.o(i.adc2_write)
    adc_init                                 0x0800e951   Thumb Code    66  main.o(i.adc_init)
    alarm_dac1_serdes_pll                    0x0800ea41   Thumb Code    26  dac.o(i.alarm_dac1_serdes_pll)
    d_out                                    0x0800ea5d   Thumb Code    34  main.o(i.d_out)
    dac1_info                                0x0800ea8d   Thumb Code   468  dac.o(i.dac1_info)
    dac1_read_reg                            0x0800ee71   Thumb Code    42  dac.o(i.dac1_read_reg)
    dac1_write                               0x0800eead   Thumb Code  1390  dac.o(i.dac1_write)
    dac2_info                                0x0800f469   Thumb Code   468  dac.o(i.dac2_info)
    dac2_read_reg                            0x0800f84d   Thumb Code    42  dac.o(i.dac2_read_reg)
    dac2_write                               0x0800f889   Thumb Code  1390  dac.o(i.dac2_write)
    defrag_REG_ADC                           0x0800fe45   Thumb Code   344  adc.o(i.defrag_REG_ADC)
    defrag_REG_DAC1                          0x0800ff9d   Thumb Code  3402  dac.o(i.defrag_REG_DAC1)
    delay_us                                 0x08010ce7   Thumb Code    12  main.o(i.delay_us)
    f_out                                    0x08010cf5   Thumb Code    50  main.o(i.f_out)
    getchar1                                 0x08010d39   Thumb Code    38  main.o(i.getchar1)
    h_out                                    0x08010d69   Thumb Code    50  main.o(i.h_out)
    hn_out                                   0x08010db1   Thumb Code    44  main.o(i.hn_out)
    i2c_read                                 0x08010ded   Thumb Code    38  main.o(i.i2c_read)
    i2c_write                                0x08010e13   Thumb Code    28  main.o(i.i2c_write)
    i_out                                    0x08010e31   Thumb Code    38  main.o(i.i_out)
    in_out                                   0x08010e69   Thumb Code    32  main.o(i.in_out)
    init_lmk                                 0x08010e95   Thumb Code    60  lmk.o(i.init_lmk)
    leng                                     0x08010f41   Thumb Code    22  main.o(i.leng)
    lmk_write                                0x08010f59   Thumb Code   204  lmk.o(i.lmk_write)
    main                                     0x08011029   Thumb Code   620  main.o(i.main)
    nu_out                                   0x08011305   Thumb Code    28  main.o(i.nu_out)
    pll_init                                 0x08011329   Thumb Code   112  dac.o(i.pll_init)
    sfp_init                                 0x080113b1   Thumb Code   214  main.o(i.sfp_init)
    spiread_adc1                             0x0801152d   Thumb Code    66  adc.o(i.spiread_adc1)
    spiread_adc2                             0x08011575   Thumb Code    66  adc.o(i.spiread_adc2)
    spiread_dac1                             0x080115bd   Thumb Code    74  dac.o(i.spiread_dac1)
    spiread_dac2                             0x0801160d   Thumb Code    74  dac.o(i.spiread_dac2)
    spiread_lmk                              0x0801165d   Thumb Code    64  lmk.o(i.spiread_lmk)
    spisend8                                 0x080116a1   Thumb Code    30  main.o(i.spisend8)
    spisend_dac1                             0x080116c5   Thumb Code    56  dac.o(i.spisend_dac1)
    spisend_dac2                             0x08011701   Thumb Code    56  dac.o(i.spisend_dac2)
    spisend_lmk                              0x0801173d   Thumb Code    62  lmk.o(i.spisend_lmk)
    temp_fpga                                0x08011781   Thumb Code    26  main.o(i.temp_fpga)
    test2_SDRAM                              0x0801179d   Thumb Code   254  main.o(i.test2_SDRAM)
    test_SDRAM                               0x080118f5   Thumb Code   300  main.o(i.test_SDRAM)
    test_delay                               0x08011a89   Thumb Code    26  main.o(i.test_delay)
    test_spi_read                            0x08011abd   Thumb Code    60  main.o(i.test_spi_read)
    test_spi_write                           0x08011b25   Thumb Code    76  main.o(i.test_spi_write)
    u_out                                    0x08011b9d   Thumb Code    34  main.o(i.u_out)
    un_out                                   0x08011bcd   Thumb Code    28  main.o(i.un_out)
    write_reg_adc1                           0x08011bf1   Thumb Code    64  adc.o(i.write_reg_adc1)
    write_reg_adc2                           0x08011c35   Thumb Code    64  adc.o(i.write_reg_adc2)
    write_reg_dac1                           0x08011c79   Thumb Code    64  dac.o(i.write_reg_dac1)
    write_reg_dac2                           0x08011cbd   Thumb Code    64  dac.o(i.write_reg_dac2)
    x32_out                                  0x08011d01   Thumb Code    34  main.o(i.x32_out)
    x_out                                    0x08011d31   Thumb Code    48  main.o(i.x_out)
    xn_out                                   0x08011d75   Thumb Code    42  main.o(i.xn_out)
    AHBPrescTable                            0x08011db8   Data          16  system_stm32f4xx.o(.constdata)
    APBPrescTable                            0x08011dc8   Data           8  system_stm32f4xx.o(.constdata)
    __ctype_table                            0x08011dd0   Data         129  ctype_o.o(.constdata)
    Region$$Table$$Base                      0x08011ea0   Number         0  anon$$obj.o(Region$$Table)
    Region$$Table$$Limit                     0x08011ec0   Number         0  anon$$obj.o(Region$$Table)
    EVENT_INT0                               0x20000000   Data           1  main.o(.data)
    EVENT_INT1                               0x20000004   Data           1  main.o(.data)
    EVENT_INT2                               0x20000005   Data           1  main.o(.data)
    EVENT_INT7                               0x20000006   Data           1  main.o(.data)
    FLAG_FAPCH_ON                            0x2000000a   Data           1  main.o(.data)
    RX_uBUF                                  0x2000000b   Data           1  main.o(.data)
    flag_pachka_TXT                          0x2000000c   Data           1  main.o(.data)
    rx_buffer_overflow1                      0x2000000d   Data           1  main.o(.data)
    Adress                                   0x2000000e   Data           1  main.o(.data)
    crc_ok                                   0x2000000f   Data           1  main.o(.data)
    packet_ok                                0x20000010   Data           1  main.o(.data)
    packet_flag                              0x20000011   Data           1  main.o(.data)
    data_flag                                0x20000012   Data           1  main.o(.data)
    data_flag2                               0x20000013   Data           1  main.o(.data)
    FLAG_lenght                              0x20000014   Data           1  main.o(.data)
    FLAG_DATA                                0x20000015   Data           1  main.o(.data)
    FLAG_CW                                  0x20000016   Data           1  main.o(.data)
    Adress_ATT1                              0x20000017   Data           1  main.o(.data)
    Adress_ATT2                              0x20000018   Data           1  main.o(.data)
    Adress_ATT3                              0x20000019   Data           1  main.o(.data)
    Adress_ATT4                              0x2000001a   Data           1  main.o(.data)
    Adress_SWITCH                            0x2000001b   Data           1  main.o(.data)
    Adress_KONTROL_WIRE                      0x2000001c   Data           1  main.o(.data)
    Adress_KONTROL_1                         0x2000001d   Data           1  main.o(.data)
    Adress_KONTROL_2                         0x2000001e   Data           1  main.o(.data)
    PWRDN_DAC1                               0x2000001f   Data           1  main.o(.data)
    PWRDN_DAC2                               0x20000020   Data           1  main.o(.data)
    PWRDN_ADC1                               0x20000021   Data           1  main.o(.data)
    PWRDN_ADC2                               0x20000022   Data           1  main.o(.data)
    RESET_DAC1                               0x20000023   Data           1  main.o(.data)
    RESET_DAC2                               0x20000024   Data           1  main.o(.data)
    RESET_ADC1                               0x20000025   Data           1  main.o(.data)
    RESET_ADC2                               0x20000026   Data           1  main.o(.data)
    text_lengh                               0x20000028   Data           2  main.o(.data)
    lenght                                   0x2000002a   Data           2  main.o(.data)
    SCH_LENGHT_PACKET                        0x2000002c   Data           2  main.o(.data)
    crc_input                                0x20000030   Data           4  main.o(.data)
    crc_comp                                 0x20000034   Data           4  main.o(.data)
    adc_cntl                                 0x20000038   Data           4  main.o(.data)
    TIMER1                                   0x2000003c   Data           4  main.o(.data)
    SysTickDelay                             0x20000040   Data           4  main.o(.data)
    timer_INIT_FAPCH1                        0x20000044   Data           4  main.o(.data)
    FLAG_T1                                  0x20000048   Data           4  main.o(.data)
    FLAG_T2                                  0x2000004c   Data           4  main.o(.data)
    timer_DMA2                               0x20000050   Data           4  main.o(.data)
    rx_wr_index1                             0x20000054   Data           4  main.o(.data)
    rx_rd_index1                             0x20000058   Data           4  main.o(.data)
    rx_counter1                              0x2000005c   Data           4  main.o(.data)
    index1                                   0x20000060   Data           4  main.o(.data)
    indexZ                                   0x20000064   Data           4  main.o(.data)
    index_word                               0x20000068   Data           4  main.o(.data)
    index_data_word                          0x2000006c   Data           4  main.o(.data)
    index_data_word2                         0x20000070   Data           4  main.o(.data)
    lenght_data                              0x20000074   Data           4  main.o(.data)
    sch_lenght_data                          0x20000078   Data           4  main.o(.data)
    time_uart                                0x2000007c   Data           4  main.o(.data)
    sch_rx_byte                              0x20000080   Data           4  main.o(.data)
    TIME_SYS                                 0x20000084   Data           4  main.o(.data)
    TIME_TEST                                0x20000088   Data           4  main.o(.data)
    uwTickFreq                               0x2000008c   Data           1  stm32f4xx_hal.o(.data)
    uwTickPrio                               0x20000090   Data           4  stm32f4xx_hal.o(.data)
    uwTick                                   0x20000094   Data           4  stm32f4xx_hal.o(.data)
    SystemCoreClock                          0x20000098   Data           4  system_stm32f4xx.o(.data)
    hadc1                                    0x200000a0   Data          72  main.o(.bss)
    hi2c1                                    0x200000e8   Data          84  main.o(.bss)
    hspi2                                    0x2000013c   Data          88  main.o(.bss)
    hspi3                                    0x20000194   Data          88  main.o(.bss)
    huart1                                   0x200001ec   Data          64  main.o(.bss)
    huart6                                   0x2000022c   Data          64  main.o(.bss)
    adcBuffer                                0x2000026c   Data          28  main.o(.bss)
    adc_ch                                   0x20000288   Data          96  main.o(.bss)
    text_buffer                              0x200002e8   Data       16384  main.o(.bss)
    rx_buffer1                               0x200042e8   Data          64  main.o(.bss)
    sr                                       0x20004328   Data         201  main.o(.bss)
    strng                                    0x200043f1   Data          32  main.o(.bss)
    InOut                                    0x20004411   Data         201  main.o(.bss)
    Word                                     0x200044da   Data          32  main.o(.bss)
    DATA_Word                                0x200044fa   Data         200  main.o(.bss)
    DATA_Word2                               0x200045c2   Data         200  main.o(.bss)
    DBm                                      0x2000468c   Data        1340  main.o(.bss)
    hdma_adc1                                0x20004bc8   Data          96  main.o(.bss)
    hdma_usart1_tx                           0x20004c28   Data          96  main.o(.bss)
    hdma_usart6_tx                           0x20004c88   Data          96  main.o(.bss)
    INVOICE                                  0x20004ce8   Data        4192  main.o(.bss)
    FRM1                                     0x20005d48   Data        4192  main.o(.bss)
    SERV1                                    0x20006da8   Data        1064  main.o(.bss)
    ID_SERV1                                 0x200071d0   Data        1192  main.o(.bss)
    ADDR_SNDR                                0x20007678   Data          24  main.o(.bss)
    adc1                                     0x20007690   Data          82  adc.o(.bss)
    adc2                                     0x200076e2   Data          82  adc.o(.bss)
    dac1                                     0x20007738   Data         744  dac.o(.bss)
    dac2                                     0x20007a20   Data         744  dac.o(.bss)
    lmk                                      0x20007d08   Data         624  lmk.o(.bss)
    RX_BUF                                   0x20007f78   Data        2048  eth.o(.bss)
    __initial_sp                             0x20008b78   Data           0  startup_stm32f411xe.o(STACK)



==============================================================================

Memory Map of the image

  Image Entry point : 0x08000199

  Load Region LR_IROM1 (Base: 0x08000000, Size: 0x00011f60, Max: 0x00080000, ABSOLUTE)

    Execution Region ER_IROM1 (Base: 0x08000000, Size: 0x00011ec0, Max: 0x00080000, ABSOLUTE)

    Base Addr    Size         Type   Attr      Idx    E Section Name        Object

    0x08000000   0x00000198   Data   RO            3    RESET               startup_stm32f411xe.o
    0x08000198   0x00000000   Code   RO         3989  * .ARM.Collect$$$$00000000  mc_w.l(entry.o)
    0x08000198   0x00000004   Code   RO         4289    .ARM.Collect$$$$00000001  mc_w.l(entry2.o)
    0x0800019c   0x00000004   Code   RO         4292    .ARM.Collect$$$$00000004  mc_w.l(entry5.o)
    0x080001a0   0x00000000   Code   RO         4294    .ARM.Collect$$$$00000008  mc_w.l(entry7b.o)
    0x080001a0   0x00000000   Code   RO         4296    .ARM.Collect$$$$0000000A  mc_w.l(entry8b.o)
    0x080001a0   0x00000008   Code   RO         4297    .ARM.Collect$$$$0000000B  mc_w.l(entry9a.o)
    0x080001a8   0x00000000   Code   RO         4299    .ARM.Collect$$$$0000000D  mc_w.l(entry10a.o)
    0x080001a8   0x00000000   Code   RO         4301    .ARM.Collect$$$$0000000F  mc_w.l(entry11a.o)
    0x080001a8   0x00000004   Code   RO         4290    .ARM.Collect$$$$00002712  mc_w.l(entry2.o)
    0x080001ac   0x00000024   Code   RO            4    .text               startup_stm32f411xe.o
    0x080001d0   0x00000062   Code   RO         3992    .text               mc_w.l(uldiv.o)
    0x08000232   0x00000062   Code   RO         3994    .text               mc_w.l(ldiv.o)
    0x08000294   0x00000020   Code   RO         3996    .text               mc_w.l(llushr.o)
    0x080002b4   0x00000024   Code   RO         3998    .text               mc_w.l(memseta.o)
    0x080002d8   0x00000018   Code   RO         4000    .text               mc_w.l(strcat.o)
    0x080002f0   0x0000000e   Code   RO         4002    .text               mc_w.l(strlen.o)
    0x080002fe   0x0000001c   Code   RO         4004    .text               mc_w.l(strcmp.o)
    0x0800031a   0x00000012   Code   RO         4006    .text               mc_w.l(strcpy.o)
    0x0800032c   0x00000070   Code   RO         4269    .text               mc_w.l(strtol.o)
    0x0800039c   0x0000001a   Code   RO         4271    .text               mc_w.l(atoi.o)
    0x080003b6   0x0000014e   Code   RO         4273    .text               mf_w.l(dadd.o)
    0x08000504   0x000000e4   Code   RO         4275    .text               mf_w.l(dmul.o)
    0x080005e8   0x000000de   Code   RO         4277    .text               mf_w.l(ddiv.o)
    0x080006c6   0x00000022   Code   RO         4279    .text               mf_w.l(dflti.o)
    0x080006e8   0x0000001a   Code   RO         4281    .text               mf_w.l(dfltui.o)
    0x08000702   0x0000003e   Code   RO         4283    .text               mf_w.l(dfixi.o)
    0x08000740   0x00000026   Code   RO         4285    .text               mf_w.l(f2d.o)
    0x08000766   0x00000038   Code   RO         4287    .text               mf_w.l(d2f.o)
    0x0800079e   0x0000002c   Code   RO         4306    .text               mc_w.l(uidiv.o)
    0x080007ca   0x0000001e   Code   RO         4308    .text               mc_w.l(llshl.o)
    0x080007e8   0x00000024   Code   RO         4310    .text               mc_w.l(llsshr.o)
    0x0800080c   0x00000008   Code   RO         4312    .text               mc_w.l(ctype_o.o)
    0x08000814   0x0000009e   Code   RO         4347    .text               mc_w.l(_strtoul.o)
    0x080008b2   0x00000000   Code   RO         4349    .text               mc_w.l(iusefp.o)
    0x080008b2   0x0000006e   Code   RO         4350    .text               mf_w.l(fepilogue.o)
    0x08000920   0x000000ba   Code   RO         4352    .text               mf_w.l(depilogue.o)
    0x080009da   0x00000030   Code   RO         4354    .text               mf_w.l(dfixul.o)
    0x08000a0a   0x00000002   PAD
    0x08000a0c   0x00000030   Code   RO         4356    .text               mf_w.l(cdrcmple.o)
    0x08000a3c   0x00000024   Code   RO         4358    .text               mc_w.l(init.o)
    0x08000a60   0x0000001c   Code   RO         4361    .text               mc_w.l(_chval.o)
    0x08000a7c   0x0000006e   Code   RO         1336    i.ADC_DMAConvCplt   stm32f4xx_hal_adc.o
    0x08000aea   0x00000016   Code   RO         1337    i.ADC_DMAError      stm32f4xx_hal_adc.o
    0x08000b00   0x0000000a   Code   RO         1338    i.ADC_DMAHalfConvCplt  stm32f4xx_hal_adc.o
    0x08000b0a   0x00000002   PAD
    0x08000b0c   0x0000000c   Code   RO          624    i.ADC_IRQHandler    stm32f4xx_it.o
    0x08000b18   0x00000128   Code   RO         1339    i.ADC_Init          stm32f4xx_hal_adc.o
    0x08000c40   0x00000048   Code   RO           13    i.ADC_Temp          main.o
    0x08000c88   0x000003b4   Code   RO           14    i.ADC_test          main.o
    0x0800103c   0x000000a8   Code   RO         1178    i.ADR_FINDER        eth.o
    0x080010e4   0x00000002   Code   RO          625    i.BusFault_Handler  stm32f4xx_it.o
    0x080010e6   0x00000002   PAD
    0x080010e8   0x0000003c   Code   RO          938    i.DAC1_QMC_gain     dac.o
    0x08001124   0x00000030   Code   RO          939    i.DAC1_coarse_dac   dac.o
    0x08001154   0x00000190   Code   RO          940    i.DAC1_dsp_init     dac.o
    0x080012e4   0x00000030   Code   RO          941    i.DAC1_mixer_gain   dac.o
    0x08001314   0x00000030   Code   RO          943    i.DAC2_coarse_dac   dac.o
    0x08001344   0x00000190   Code   RO          944    i.DAC2_dsp_init     dac.o
    0x080014d4   0x00000030   Code   RO          945    i.DAC2_mixer_gain   dac.o
    0x08001504   0x0000000c   Code   RO          626    i.DMA2_Stream0_IRQHandler  stm32f4xx_it.o
    0x08001510   0x0000000c   Code   RO          627    i.DMA2_Stream6_IRQHandler  stm32f4xx_it.o
    0x0800151c   0x0000001c   Code   RO          628    i.DMA2_Stream7_IRQHandler  stm32f4xx_it.o
    0x08001538   0x00000028   Code   RO         3260    i.DMA_CalcBaseAndBitshift  stm32f4xx_hal_dma.o
    0x08001560   0x00000054   Code   RO         3261    i.DMA_CheckFifoParam  stm32f4xx_hal_dma.o
    0x080015b4   0x00000028   Code   RO         3262    i.DMA_SetConfig     stm32f4xx_hal_dma.o
    0x080015dc   0x00000002   Code   RO          629    i.DebugMon_Handler  stm32f4xx_it.o
    0x080015de   0x00000002   PAD
    0x080015e0   0x00000010   Code   RO           16    i.Delay             main.o
    0x080015f0   0x00000090   Code   RO         1179    i.ERROR_CMD_MSG     eth.o
    0x08001680   0x00000054   Code   RO         1180    i.ETH0_IP_write     eth.o
    0x080016d4   0x00000034   Code   RO         1181    i.ETH0_MAC_write    eth.o
    0x08001708   0x00000050   Code   RO         1182    i.ETH0_PORT_write   eth.o
    0x08001758   0x00000054   Code   RO         1183    i.ETH1_IP_write     eth.o
    0x080017ac   0x00000034   Code   RO         1184    i.ETH1_MAC_write    eth.o
    0x080017e0   0x00000050   Code   RO         1185    i.ETH1_PORT_write   eth.o
    0x08001830   0x00000014   Code   RO          630    i.EXTI0_IRQHandler  stm32f4xx_it.o
    0x08001844   0x00000014   Code   RO          631    i.EXTI1_IRQHandler  stm32f4xx_it.o
    0x08001858   0x00000014   Code   RO          632    i.EXTI2_IRQHandler  stm32f4xx_it.o
    0x0800186c   0x00000014   Code   RO          633    i.EXTI9_5_IRQHandler  stm32f4xx_it.o
    0x08001880   0x00000002   Code   RO           17    i.Error_Handler     main.o
    0x08001882   0x00000002   PAD
    0x08001884   0x00000218   Code   RO           19    i.FPGA2_rSPI        main.o
    0x08001a9c   0x0000013c   Code   RO           20    i.FPGA2_wSPI        main.o
    0x08001bd8   0x00000218   Code   RO           21    i.FPGA_rSPI         main.o
    0x08001df0   0x0000013c   Code   RO           22    i.FPGA_wSPI         main.o
    0x08001f2c   0x000003ec   Code   RO         1186    i.FRAME_DECODE      eth.o
    0x08002318   0x00000002   Code   RO         1510    i.HAL_ADCEx_InjectedConvCpltCallback  stm32f4xx_hal_adc_ex.o
    0x0800231a   0x00000002   PAD
    0x0800231c   0x00000164   Code   RO         1341    i.HAL_ADC_ConfigChannel  stm32f4xx_hal_adc.o
    0x08002480   0x00000010   Code   RO           23    i.HAL_ADC_ConvCpltCallback  main.o
    0x08002490   0x00000002   Code   RO         1343    i.HAL_ADC_ConvHalfCpltCallback  stm32f4xx_hal_adc.o
    0x08002492   0x00000002   Code   RO         1345    i.HAL_ADC_ErrorCallback  stm32f4xx_hal_adc.o
    0x08002494   0x0000013c   Code   RO         1349    i.HAL_ADC_IRQHandler  stm32f4xx_hal_adc.o
    0x080025d0   0x00000054   Code   RO         1350    i.HAL_ADC_Init      stm32f4xx_hal_adc.o
    0x08002624   0x00000002   Code   RO         1351    i.HAL_ADC_LevelOutOfWindowCallback  stm32f4xx_hal_adc.o
    0x08002626   0x00000002   PAD
    0x08002628   0x000000d8   Code   RO          761    i.HAL_ADC_MspInit   stm32f4xx_hal_msp.o
    0x08002700   0x00000100   Code   RO         1357    i.HAL_ADC_Start_DMA  stm32f4xx_hal_adc.o
    0x08002800   0x00000024   Code   RO         3264    i.HAL_DMA_Abort_IT  stm32f4xx_hal_dma.o
    0x08002824   0x000001a0   Code   RO         3268    i.HAL_DMA_IRQHandler  stm32f4xx_hal_dma.o
    0x080029c4   0x000000d4   Code   RO         3269    i.HAL_DMA_Init      stm32f4xx_hal_dma.o
    0x08002a98   0x00000078   Code   RO         3273    i.HAL_DMA_Start_IT  stm32f4xx_hal_dma.o
    0x08002b10   0x00000002   Code   RO         3154    i.HAL_GPIO_EXTI_Callback  stm32f4xx_hal_gpio.o
    0x08002b12   0x00000002   PAD
    0x08002b14   0x00000018   Code   RO         3155    i.HAL_GPIO_EXTI_IRQHandler  stm32f4xx_hal_gpio.o
    0x08002b2c   0x00000188   Code   RO         3156    i.HAL_GPIO_Init     stm32f4xx_hal_gpio.o
    0x08002cb4   0x0000000a   Code   RO         3158    i.HAL_GPIO_ReadPin  stm32f4xx_hal_gpio.o
    0x08002cbe   0x0000000a   Code   RO         3160    i.HAL_GPIO_WritePin  stm32f4xx_hal_gpio.o
    0x08002cc8   0x0000000c   Code   RO         3712    i.HAL_GetTick       stm32f4xx_hal.o
    0x08002cd4   0x00000174   Code   RO         1622    i.HAL_I2C_Init      stm32f4xx_hal_i2c.o
    0x08002e48   0x0000006c   Code   RO          763    i.HAL_I2C_MspInit   stm32f4xx_hal_msp.o
    0x08002eb4   0x00000010   Code   RO         3718    i.HAL_IncTick       stm32f4xx_hal.o
    0x08002ec4   0x00000034   Code   RO         3719    i.HAL_Init          stm32f4xx_hal.o
    0x08002ef8   0x00000040   Code   RO         3720    i.HAL_InitTick      stm32f4xx_hal.o
    0x08002f38   0x00000030   Code   RO          764    i.HAL_MspInit       stm32f4xx_hal_msp.o
    0x08002f68   0x0000001a   Code   RO         3569    i.HAL_NVIC_EnableIRQ  stm32f4xx_hal_cortex.o
    0x08002f82   0x00000002   PAD
    0x08002f84   0x00000040   Code   RO         3575    i.HAL_NVIC_SetPriority  stm32f4xx_hal_cortex.o
    0x08002fc4   0x00000024   Code   RO         3576    i.HAL_NVIC_SetPriorityGrouping  stm32f4xx_hal_cortex.o
    0x08002fe8   0x00000130   Code   RO         2748    i.HAL_RCC_ClockConfig  stm32f4xx_hal_rcc.o
    0x08003118   0x00000020   Code   RO         2755    i.HAL_RCC_GetPCLK1Freq  stm32f4xx_hal_rcc.o
    0x08003138   0x00000020   Code   RO         2756    i.HAL_RCC_GetPCLK2Freq  stm32f4xx_hal_rcc.o
    0x08003158   0x00000060   Code   RO         2757    i.HAL_RCC_GetSysClockFreq  stm32f4xx_hal_rcc.o
    0x080031b8   0x0000031c   Code   RO         2760    i.HAL_RCC_OscConfig  stm32f4xx_hal_rcc.o
    0x080034d4   0x00000080   Code   RO         2074    i.HAL_SPI_Init      stm32f4xx_hal_spi.o
    0x08003554   0x000000ac   Code   RO          766    i.HAL_SPI_MspInit   stm32f4xx_hal_msp.o
    0x08003600   0x000001e2   Code   RO         2083    i.HAL_SPI_TransmitReceive  stm32f4xx_hal_spi.o
    0x080037e2   0x00000028   Code   RO         3580    i.HAL_SYSTICK_Config  stm32f4xx_hal_cortex.o
    0x0800380a   0x00000002   Code   RO         2442    i.HAL_UART_ErrorCallback  stm32f4xx_hal_uart.o
    0x0800380c   0x0000000a   Code   RO         2444    i.HAL_UART_GetState  stm32f4xx_hal_uart.o
    0x08003816   0x00000002   PAD
    0x08003818   0x00000110   Code   RO         2445    i.HAL_UART_IRQHandler  stm32f4xx_hal_uart.o
    0x08003928   0x00000062   Code   RO         2446    i.HAL_UART_Init     stm32f4xx_hal_uart.o
    0x0800398a   0x00000002   PAD
    0x0800398c   0x00000140   Code   RO          768    i.HAL_UART_MspInit  stm32f4xx_hal_msp.o
    0x08003acc   0x00000052   Code   RO         2451    i.HAL_UART_Receive_IT  stm32f4xx_hal_uart.o
    0x08003b1e   0x00000002   PAD
    0x08003b20   0x00000044   Code   RO           24    i.HAL_UART_RxCpltCallback  main.o
    0x08003b64   0x00000080   Code   RO         2455    i.HAL_UART_Transmit_DMA  stm32f4xx_hal_uart.o
    0x08003be4   0x00000002   Code   RO         2457    i.HAL_UART_TxCpltCallback  stm32f4xx_hal_uart.o
    0x08003be6   0x00000002   Code   RO         2458    i.HAL_UART_TxHalfCpltCallback  stm32f4xx_hal_uart.o
    0x08003be8   0x00000002   Code   RO          634    i.HardFault_Handler  stm32f4xx_it.o
    0x08003bea   0x00000080   Code   RO          833    i.INIT_REG_ADC      adc.o
    0x08003c6a   0x00000002   PAD
    0x08003c6c   0x00000608   Code   RO          946    i.INIT_REG_DAC1     dac.o
    0x08004274   0x000014e8   Code   RO         1121    i.INIT_REG_LMK      lmk.o
    0x0800575c   0x000035c8   Code   RO           25    i.IO                main.o
    0x08008d24   0x000000bc   Code   RO           26    i.LED               main.o
    0x08008de0   0x00000064   Code   RO           27    i.MAC0_adr_write    main.o
    0x08008e44   0x00000898   Code   RO           28    i.MAC0_init         main.o
    0x080096dc   0x000002c8   Code   RO           29    i.MAC0_statistic    main.o
    0x080099a4   0x00000064   Code   RO           30    i.MAC1_adr_write    main.o
    0x08009a08   0x00000898   Code   RO           31    i.MAC1_init         main.o
    0x0800a2a0   0x000002c8   Code   RO           32    i.MAC1_statistic    main.o
    0x0800a568   0x000000fc   Code   RO           33    i.MX_ADC1_Init      main.o
    0x0800a664   0x0000019c   Code   RO           34    i.MX_GPIO_Init      main.o
    0x0800a800   0x00000034   Code   RO           35    i.MX_SPI2_Init      main.o
    0x0800a834   0x00000038   Code   RO           36    i.MX_SPI3_Init      main.o
    0x0800a86c   0x00000270   Code   RO           37    i.Massiv_dbm        main.o
    0x0800aadc   0x00000002   Code   RO          635    i.MemManage_Handler  stm32f4xx_it.o
    0x0800aade   0x00000002   PAD
    0x0800aae0   0x00000384   Code   RO           38    i.Menu1             main.o
    0x0800ae64   0x00000002   Code   RO          636    i.NMI_Handler       stm32f4xx_it.o
    0x0800ae66   0x00000002   PAD
    0x0800ae68   0x000003a4   Code   RO           39    i.PCS0_status       main.o
    0x0800b20c   0x000003a4   Code   RO           40    i.PCS1_status       main.o
    0x0800b5b0   0x00000028   Code   RO           41    i.PIN_control       main.o
    0x0800b5d8   0x0000005c   Code   RO         1189    i.PRINT_SERV        eth.o
    0x0800b634   0x000000a8   Code   RO         1190    i.PRINT_SERV_ID     eth.o
    0x0800b6dc   0x00000002   Code   RO          637    i.PendSV_Handler    stm32f4xx_it.o
    0x0800b6de   0x00000002   PAD
    0x0800b6e0   0x00000054   Code   RO           43    i.SDRAM_test_rd     main.o
    0x0800b734   0x00000058   Code   RO           44    i.SDRAM_test_wr     main.o
    0x0800b78c   0x00000178   Code   RO         1194    i.SERV_ID_WR        eth.o
    0x0800b904   0x0000001e   Code   RO         1195    i.SERV_WR           eth.o
    0x0800b922   0x00000002   PAD
    0x0800b924   0x00000be0   Code   RO           45    i.SFP_read          main.o
    0x0800c504   0x00000058   Code   RO         2112    i.SPI_EndRxTxTransaction  stm32f4xx_hal_spi.o
    0x0800c55c   0x00000094   Code   RO         2117    i.SPI_WaitFlagStateUntilTimeout  stm32f4xx_hal_spi.o
    0x0800c5f0   0x000000d0   Code   RO         1196    i.STATUS_ID         eth.o
    0x0800c6c0   0x00000002   Code   RO          638    i.SVC_Handler       stm32f4xx_it.o
    0x0800c6c2   0x00000002   PAD
    0x0800c6c4   0x00000050   Code   RO          639    i.SysTick_Handler   stm32f4xx_it.o
    0x0800c714   0x00000080   Code   RO           46    i.SystemClock_Config  main.o
    0x0800c794   0x00000054   Code   RO         3955    i.SystemInit        system_stm32f4xx.o
    0x0800c7e8   0x00000040   Code   RO           47    i.TMP_func          main.o
    0x0800c828   0x00000050   Code   RO           48    i.Transf            main.o
    0x0800c878   0x00000010   Code   RO         2459    i.UART_DMAAbortOnError  stm32f4xx_hal_uart.o
    0x0800c888   0x0000004a   Code   RO         2460    i.UART_DMAError     stm32f4xx_hal_uart.o
    0x0800c8d2   0x0000002e   Code   RO         2465    i.UART_DMATransmitCplt  stm32f4xx_hal_uart.o
    0x0800c900   0x0000000a   Code   RO         2467    i.UART_DMATxHalfCplt  stm32f4xx_hal_uart.o
    0x0800c90a   0x00000002   PAD
    0x0800c90c   0x0000003c   Code   RO           49    i.UART_DMA_TX       main.o
    0x0800c948   0x0000001c   Code   RO         2469    i.UART_EndRxTransfer  stm32f4xx_hal_uart.o
    0x0800c964   0x00000012   Code   RO         2470    i.UART_EndTxTransfer  stm32f4xx_hal_uart.o
    0x0800c976   0x00000096   Code   RO         2471    i.UART_Receive_IT   stm32f4xx_hal_uart.o
    0x0800ca0c   0x000002ac   Code   RO         2472    i.UART_SetConfig    stm32f4xx_hal_uart.o
    0x0800ccb8   0x00000062   Code   RO         2473    i.UART_Transmit_IT  stm32f4xx_hal_uart.o
    0x0800cd1a   0x00000002   PAD
    0x0800cd1c   0x0000004c   Code   RO           51    i.UART_conrol       main.o
    0x0800cd68   0x00000060   Code   RO           52    i.UDP_buf_read      main.o
    0x0800cdc8   0x0000099c   Code   RO           53    i.UDP_mem_read      main.o
    0x0800d764   0x0000011c   Code   RO           54    i.UDP_tx_init       main.o
    0x0800d880   0x0000000c   Code   RO          640    i.USART1_IRQHandler  stm32f4xx_it.o
    0x0800d88c   0x0000000c   Code   RO          641    i.USART6_IRQHandler  stm32f4xx_it.o
    0x0800d898   0x00000002   Code   RO          642    i.UsageFault_Handler  stm32f4xx_it.o
    0x0800d89a   0x00000002   PAD
    0x0800d89c   0x00000028   Code   RO         4243    i.__0sprintf        mc_w.l(printfa.o)
    0x0800d8c4   0x00000020   Code   RO         3582    i.__NVIC_SetPriority  stm32f4xx_hal_cortex.o
    0x0800d8e4   0x00000008   Code   RO         4340    i.__aeabi_errno_addr  mc_w.l(errno.o)
    0x0800d8ec   0x0000000e   Code   RO         4366    i.__scatterload_copy  mc_w.l(handlers.o)
    0x0800d8fa   0x00000002   Code   RO         4367    i.__scatterload_null  mc_w.l(handlers.o)
    0x0800d8fc   0x0000000e   Code   RO         4368    i.__scatterload_zeroinit  mc_w.l(handlers.o)
    0x0800d90a   0x00000002   PAD
    0x0800d90c   0x00000164   Code   RO         4248    i._fp_digits        mc_w.l(printfa.o)
    0x0800da70   0x000006dc   Code   RO         4249    i._printf_core      mc_w.l(printfa.o)
    0x0800e14c   0x00000024   Code   RO         4250    i._printf_post_padding  mc_w.l(printfa.o)
    0x0800e170   0x0000002e   Code   RO         4251    i._printf_pre_padding  mc_w.l(printfa.o)
    0x0800e19e   0x0000000a   Code   RO         4253    i._sputc            mc_w.l(printfa.o)
    0x0800e1a8   0x00000040   Code   RO          834    i.adc1_fifo_read    adc.o
    0x0800e1e8   0x00000244   Code   RO          835    i.adc1_read_reg     adc.o
    0x0800e42c   0x00000028   Code   RO          836    i.adc1_test         adc.o
    0x0800e454   0x0000012c   Code   RO          837    i.adc1_write        adc.o
    0x0800e580   0x00000040   Code   RO          838    i.adc2_fifo_read    adc.o
    0x0800e5c0   0x00000244   Code   RO          839    i.adc2_read_reg     adc.o
    0x0800e804   0x00000028   Code   RO          840    i.adc2_test         adc.o
    0x0800e82c   0x00000124   Code   RO          841    i.adc2_write        adc.o
    0x0800e950   0x000000f0   Code   RO           55    i.adc_init          main.o
    0x0800ea40   0x0000001a   Code   RO          947    i.alarm_dac1_serdes_pll  dac.o
    0x0800ea5a   0x00000002   PAD
    0x0800ea5c   0x00000030   Code   RO           56    i.d_out             main.o
    0x0800ea8c   0x000003e4   Code   RO          949    i.dac1_info         dac.o
    0x0800ee70   0x0000003c   Code   RO          950    i.dac1_read_reg     dac.o
    0x0800eeac   0x000005bc   Code   RO          951    i.dac1_write        dac.o
    0x0800f468   0x000003e4   Code   RO          952    i.dac2_info         dac.o
    0x0800f84c   0x0000003c   Code   RO          953    i.dac2_read_reg     dac.o
    0x0800f888   0x000005bc   Code   RO          954    i.dac2_write        dac.o
    0x0800fe44   0x00000158   Code   RO          842    i.defrag_REG_ADC    adc.o
    0x0800ff9c   0x00000d4a   Code   RO          955    i.defrag_REG_DAC1   dac.o
    0x08010ce6   0x0000000c   Code   RO           57    i.delay_us          main.o
    0x08010cf2   0x00000002   PAD
    0x08010cf4   0x00000044   Code   RO           58    i.f_out             main.o
    0x08010d38   0x00000030   Code   RO           59    i.getchar1          main.o
    0x08010d68   0x00000048   Code   RO           60    i.h_out             main.o
    0x08010db0   0x0000003c   Code   RO           61    i.hn_out            main.o
    0x08010dec   0x00000026   Code   RO           62    i.i2c_read          main.o
    0x08010e12   0x0000001c   Code   RO           63    i.i2c_write         main.o
    0x08010e2e   0x00000002   PAD
    0x08010e30   0x00000038   Code   RO           64    i.i_out             main.o
    0x08010e68   0x0000002c   Code   RO           65    i.in_out            main.o
    0x08010e94   0x000000ac   Code   RO         1122    i.init_lmk          lmk.o
    0x08010f40   0x00000016   Code   RO           69    i.leng              main.o
    0x08010f56   0x00000002   PAD
    0x08010f58   0x000000d0   Code   RO         1124    i.lmk_write         lmk.o
    0x08011028   0x000002dc   Code   RO           70    i.main              main.o
    0x08011304   0x00000024   Code   RO           71    i.nu_out            main.o
    0x08011328   0x00000088   Code   RO          958    i.pll_init          dac.o
    0x080113b0   0x0000017c   Code   RO           72    i.sfp_init          main.o
    0x0801152c   0x00000048   Code   RO          843    i.spiread_adc1      adc.o
    0x08011574   0x00000048   Code   RO          844    i.spiread_adc2      adc.o
    0x080115bc   0x00000050   Code   RO          959    i.spiread_dac1      dac.o
    0x0801160c   0x00000050   Code   RO          960    i.spiread_dac2      dac.o
    0x0801165c   0x00000044   Code   RO         1125    i.spiread_lmk       lmk.o
    0x080116a0   0x00000024   Code   RO           74    i.spisend8          main.o
    0x080116c4   0x0000003c   Code   RO          961    i.spisend_dac1      dac.o
    0x08011700   0x0000003c   Code   RO          962    i.spisend_dac2      dac.o
    0x0801173c   0x00000044   Code   RO         1126    i.spisend_lmk       lmk.o
    0x08011780   0x0000001a   Code   RO           76    i.temp_fpga         main.o
    0x0801179a   0x00000002   PAD
    0x0801179c   0x00000158   Code   RO           77    i.test2_SDRAM       main.o
    0x080118f4   0x00000194   Code   RO           79    i.test_SDRAM        main.o
    0x08011a88   0x00000034   Code   RO           80    i.test_delay        main.o
    0x08011abc   0x00000068   Code   RO           81    i.test_spi_read     main.o
    0x08011b24   0x00000078   Code   RO           82    i.test_spi_write    main.o
    0x08011b9c   0x00000030   Code   RO           83    i.u_out             main.o
    0x08011bcc   0x00000024   Code   RO           84    i.un_out            main.o
    0x08011bf0   0x00000044   Code   RO          845    i.write_reg_adc1    adc.o
    0x08011c34   0x00000044   Code   RO          846    i.write_reg_adc2    adc.o
    0x08011c78   0x00000044   Code   RO          963    i.write_reg_dac1    dac.o
    0x08011cbc   0x00000044   Code   RO          964    i.write_reg_dac2    dac.o
    0x08011d00   0x00000030   Code   RO           85    i.x32_out           main.o
    0x08011d30   0x00000044   Code   RO           86    i.x_out             main.o
    0x08011d74   0x0000003c   Code   RO           87    i.xn_out            main.o
    0x08011db0   0x00000008   Data   RO         3275    .constdata          stm32f4xx_hal_dma.o
    0x08011db8   0x00000010   Data   RO         3956    .constdata          system_stm32f4xx.o
    0x08011dc8   0x00000008   Data   RO         3957    .constdata          system_stm32f4xx.o
    0x08011dd0   0x00000081   Data   RO         4313    .constdata          mc_w.l(ctype_o.o)
    0x08011e51   0x00000003   PAD
    0x08011e54   0x00000004   Data   RO         4314    .constdata          mc_w.l(ctype_o.o)
    0x08011e58   0x00000045   Data   RO          101    .conststring        main.o
    0x08011e9d   0x00000003   PAD
    0x08011ea0   0x00000020   Data   RO         4364    Region$$Table       anon$$obj.o


    Execution Region RW_IRAM1 (Base: 0x20000000, Size: 0x00008b78, Max: 0x00020000, ABSOLUTE)

    Base Addr    Size         Type   Attr      Idx    E Section Name        Object

    0x20000000   0x00000001   Data   RW          102    .data               main.o
    0x20000001   0x00000003   PAD
    0x20000004   0x00000080   Data   RW          103    .data               main.o
    0x20000084   0x00000004   Data   RW          128    .data               main.o
    0x20000088   0x00000004   Data   RW          129    .data               main.o
    0x2000008c   0x0000000c   Data   RW         3726    .data               stm32f4xx_hal.o
    0x20000098   0x00000004   Data   RW         3958    .data               system_stm32f4xx.o
    0x2000009c   0x00000004   Data   RW         4343    .data               mc_w.l(errno.o)
    0x200000a0   0x00004b28   Zero   RW           88    .bss                main.o
    0x20004bc8   0x00000060   Zero   RW           89    .bss                main.o
    0x20004c28   0x00000060   Zero   RW           90    .bss                main.o
    0x20004c88   0x00000060   Zero   RW           91    .bss                main.o
    0x20004ce8   0x00001060   Zero   RW           95    .bss                main.o
    0x20005d48   0x00001060   Zero   RW           96    .bss                main.o
    0x20006da8   0x00000428   Zero   RW           97    .bss                main.o
    0x200071d0   0x000004a8   Zero   RW           98    .bss                main.o
    0x20007678   0x00000018   Zero   RW          100    .bss                main.o
    0x20007690   0x000000a4   Zero   RW          847    .bss                adc.o
    0x20007734   0x00000004   PAD
    0x20007738   0x000005d0   Zero   RW          965    .bss                dac.o
    0x20007d08   0x00000270   Zero   RW         1127    .bss                lmk.o
    0x20007f78   0x00000800   Zero   RW         1201    .bss                eth.o
    0x20008778   0x00000400   Zero   RW            1    STACK               startup_stm32f411xe.o


==============================================================================

Image component sizes


      Code (inc. data)   RO Data    RW Data    ZI Data      Debug   Object Name

      2712        640          0          0        164       8992   adc.o
     11624       1868          0          0       1488      17145   dac.o
      2622        802          0          0       2048       9919   eth.o
      5868        392          0          0        624       4684   lmk.o
     36696      16412         69        137      30192     504401   main.o
        36          8        408          0       1024        852   startup_stm32f411xe.o
       144         24          0         12          0       4001   stm32f4xx_hal.o
      1456         62          0          0          0       8034   stm32f4xx_hal_adc.o
         2          0          0          0          0       1017   stm32f4xx_hal_adc_ex.o
       198         14          0          0          0      33683   stm32f4xx_hal_cortex.o
       948         16          8          0          0       5906   stm32f4xx_hal_dma.o
       438         40          0          0          0       4035   stm32f4xx_hal_gpio.o
       372         16          0          0          0       2807   stm32f4xx_hal_i2c.o
       864         98          0          0          0       4225   stm32f4xx_hal_msp.o
      1260         76          0          0          0       5036   stm32f4xx_hal_rcc.o
       846          8          0          0          0       3969   stm32f4xx_hal_spi.o
      1720         28          0          0          0      11661   stm32f4xx_hal_uart.o
       264         82          0          0          0       9191   stm32f4xx_it.o
        84         18         24          4          0       1207   system_stm32f4xx.o

    ----------------------------------------------------------------------
     68204      20604        544        156      35544     640765   Object Totals
         0          0         32          0          0          0   (incl. Generated)
        50          0          3          3          4          0   (incl. Padding)

    ----------------------------------------------------------------------

      Code (inc. data)   RO Data    RW Data    ZI Data      Debug   Library Member Name

        28          0          0          0          0         68   _chval.o
       158          0          0          0          0         92   _strtoul.o
        26          0          0          0          0         80   atoi.o
         8          4        133          0          0         68   ctype_o.o
         0          0          0          0          0          0   entry.o
         0          0          0          0          0          0   entry10a.o
         0          0          0          0          0          0   entry11a.o
         8          4          0          0          0          0   entry2.o
         4          0          0          0          0          0   entry5.o
         0          0          0          0          0          0   entry7b.o
         0          0          0          0          0          0   entry8b.o
         8          4          0          0          0          0   entry9a.o
         8          4          0          4          0         68   errno.o
        30          0          0          0          0          0   handlers.o
        36          8          0          0          0         68   init.o
         0          0          0          0          0          0   iusefp.o
        98          0          0          0          0         84   ldiv.o
        30          0          0          0          0         68   llshl.o
        36          0          0          0          0         68   llsshr.o
        32          0          0          0          0         68   llushr.o
        36          0          0          0          0        108   memseta.o
      2244         86          0          0          0        512   printfa.o
        24          0          0          0          0         68   strcat.o
        28          0          0          0          0         76   strcmp.o
        18          0          0          0          0         68   strcpy.o
        14          0          0          0          0         68   strlen.o
       112          0          0          0          0         88   strtol.o
        44          0          0          0          0         80   uidiv.o
        98          0          0          0          0         92   uldiv.o
        48          0          0          0          0         68   cdrcmple.o
        56          0          0          0          0         88   d2f.o
       334          0          0          0          0        148   dadd.o
       222          0          0          0          0        100   ddiv.o
       186          0          0          0          0        176   depilogue.o
        62          0          0          0          0         80   dfixi.o
        48          0          0          0          0         68   dfixul.o
        34          0          0          0          0         76   dflti.o
        26          0          0          0          0         76   dfltui.o
       228          0          0          0          0         96   dmul.o
        38          0          0          0          0         68   f2d.o
       110          0          0          0          0        168   fepilogue.o

    ----------------------------------------------------------------------
      4524        110        136          4          0       3104   Library Totals
         4          0          3          0          0          0   (incl. Padding)

    ----------------------------------------------------------------------

      Code (inc. data)   RO Data    RW Data    ZI Data      Debug   Library Name

      3128        110        133          4          0       1892   mc_w.l
      1392          0          0          0          0       1212   mf_w.l

    ----------------------------------------------------------------------
      4524        110        136          4          0       3104   Library Totals

    ----------------------------------------------------------------------

==============================================================================


      Code (inc. data)   RO Data    RW Data    ZI Data      Debug   

     72728      20714        680        160      35544     622509   Grand Totals
     72728      20714        680        160      35544     622509   ELF Image Totals
     72728      20714        680        160          0          0   ROM Totals

==============================================================================

    Total RO  Size (Code + RO Data)                73408 (  71.69kB)
    Total RW  Size (RW Data + ZI Data)             35704 (  34.87kB)
    Total ROM Size (Code + RO Data + RW Data)      73568 (  71.84kB)

==============================================================================

